Archive member included because of file (symbol)

/opt/devkitPro/libnds/lib/libnds9.a(initSystem.o)
                              /opt/devkitPro/devkitARM/lib/gcc/arm-eabi/4.3.3/../../../../arm-eabi/lib/thumb/ds_arm9_crt0.o (initSystem)
/opt/devkitPro/libnds/lib/libnds9.a(keys.o)
                              Controls.o (scanKeys)
/opt/devkitPro/libnds/lib/libnds9.a(sprite.o)
                              Graphic.o (oamSub)
/opt/devkitPro/libnds/lib/libnds9.a(sprite_alloc.o)
                              /opt/devkitPro/libnds/lib/libnds9.a(sprite.o) (oamAllocReset)
/opt/devkitPro/libnds/lib/libnds9.a(system.o)
                              /opt/devkitPro/libnds/lib/libnds9.a(initSystem.o) (powerValueHandler)
/opt/devkitPro/libnds/lib/libnds9.a(touch.o)
                              Controls.o (touchRead)
/opt/devkitPro/libnds/lib/libnds9.a(trig.o)
                              /opt/devkitPro/libnds/lib/libnds9.a(sprite.o) (sinLerp)
/opt/devkitPro/libnds/lib/libnds9.a(videoGL.o)
                              chrono_display.o (glGlobalData)
/opt/devkitPro/libnds/lib/libnds9.a(fifosystem.o)
                              /opt/devkitPro/libnds/lib/libnds9.a(initSystem.o) (fifoSetValue32Handler)
/opt/devkitPro/libnds/lib/libnds9.a(interrupts.o)
                              Mode_game.o (irqSet)
/opt/devkitPro/libnds/lib/libnds9.a(dcache.o)
                              /opt/devkitPro/libnds/lib/libnds9.a(sprite.o) (DC_FlushRange)
/opt/devkitPro/libnds/lib/libnds9.a(biosCalls.o)
                              /opt/devkitPro/libnds/lib/libnds9.a(system.o) (swiDelay)
/opt/devkitPro/libnds/lib/libnds9.a(interruptDispatcher.o)
                              /opt/devkitPro/libnds/lib/libnds9.a(interrupts.o) (IntrMain)
/opt/devkitPro/libnds/lib/libnds9.a(video.o)
                              /opt/devkitPro/libnds/lib/libnds9.a(videoGL.o) (vramSetMainBanks)
/opt/devkitPro/libnds/lib/libmm9.a(mm_comms.o)
                              Sound.o (mmStart)
/opt/devkitPro/libnds/lib/libmm9.a(mm_main9.o)
                              /opt/devkitPro/libnds/lib/libmm9.a(mm_comms.o) (mmCallback)
/opt/devkitPro/libnds/lib/libmm9.a(mm_memory.o)
                              Sound.o (mmLoad)
/opt/devkitPro/libnds/lib/libmm9.a(mm_soundbank.o)
                              /opt/devkitPro/libnds/lib/libmm9.a(mm_main9.o) (mmSoundBankInMemory)
/opt/devkitPro/libnds/lib/libmm9.a(mm_flusher.o)
                              /opt/devkitPro/libnds/lib/libmm9.a(mm_memory.o) (mmFlushBank)
/opt/devkitPro/devkitARM/lib/gcc/arm-eabi/4.3.3/thumb/libgcc.a(_divsi3.o)
                              chrono_display.o (__aeabi_idiv)
/opt/devkitPro/devkitARM/lib/gcc/arm-eabi/4.3.3/thumb/libgcc.a(_dvmd_tls.o)
                              /opt/devkitPro/devkitARM/lib/gcc/arm-eabi/4.3.3/thumb/libgcc.a(_divsi3.o) (__div0)
/opt/devkitPro/devkitARM/lib/gcc/arm-eabi/4.3.3/thumb/libgcc.a(_muldi3.o)
                              /opt/devkitPro/libnds/lib/libnds9.a(videoGL.o) (__aeabi_lmul)
/opt/devkitPro/devkitARM/lib/gcc/arm-eabi/4.3.3/../../../../arm-eabi/lib/thumb/libg.a(lib_a-bsearch.o)
                              /opt/devkitPro/libnds/lib/libnds9.a(trig.o) (bsearch)
/opt/devkitPro/devkitARM/lib/gcc/arm-eabi/4.3.3/../../../../arm-eabi/lib/thumb/libg.a(lib_a-fclose.o)
                              /opt/devkitPro/libnds/lib/libmm9.a(mm_main9.o) (fclose)
/opt/devkitPro/devkitARM/lib/gcc/arm-eabi/4.3.3/../../../../arm-eabi/lib/thumb/libg.a(lib_a-fflush.o)
                              /opt/devkitPro/devkitARM/lib/gcc/arm-eabi/4.3.3/../../../../arm-eabi/lib/thumb/libg.a(lib_a-fclose.o) (_fflush_r)
/opt/devkitPro/devkitARM/lib/gcc/arm-eabi/4.3.3/../../../../arm-eabi/lib/thumb/libg.a(lib_a-findfp.o)
                              /opt/devkitPro/devkitARM/lib/gcc/arm-eabi/4.3.3/../../../../arm-eabi/lib/thumb/libg.a(lib_a-fclose.o) (__sfp_lock_acquire)
/opt/devkitPro/devkitARM/lib/gcc/arm-eabi/4.3.3/../../../../arm-eabi/lib/thumb/libg.a(lib_a-fopen.o)
                              /opt/devkitPro/libnds/lib/libmm9.a(mm_main9.o) (fopen)
/opt/devkitPro/devkitARM/lib/gcc/arm-eabi/4.3.3/../../../../arm-eabi/lib/thumb/libg.a(lib_a-fread.o)
                              /opt/devkitPro/libnds/lib/libmm9.a(mm_main9.o) (fread)
/opt/devkitPro/devkitARM/lib/gcc/arm-eabi/4.3.3/../../../../arm-eabi/lib/thumb/libg.a(lib_a-freer.o)
                              /opt/devkitPro/devkitARM/lib/gcc/arm-eabi/4.3.3/../../../../arm-eabi/lib/thumb/libg.a(lib_a-fclose.o) (_free_r)
/opt/devkitPro/devkitARM/lib/gcc/arm-eabi/4.3.3/../../../../arm-eabi/lib/thumb/libg.a(lib_a-fseek.o)
                              /opt/devkitPro/devkitARM/lib/gcc/arm-eabi/4.3.3/../../../../arm-eabi/lib/thumb/libg.a(lib_a-fopen.o) (_fseek_r)
/opt/devkitPro/devkitARM/lib/gcc/arm-eabi/4.3.3/../../../../arm-eabi/lib/thumb/libg.a(lib_a-fwalk.o)
                              /opt/devkitPro/devkitARM/lib/gcc/arm-eabi/4.3.3/../../../../arm-eabi/lib/thumb/libg.a(lib_a-fflush.o) (_fwalk_reent)
[...]
Memory Configuration

Name             Origin             Length             Attributes
rom              0x08000000         0x02000000
ewram            0x02000000         0x003ff000
dtcm             0x0b000000         0x00004000
vectors          0x01000000         0x00000100
itcm             0x01000100         0x00007f00
*default*        0x00000000         0xffffffff

Linker script and memory map

                0x01000000                __vectors_start = 0x1000000
                0x01000100                __itcm_start = 0x1000100
                0x023ff000                __ewram_end = 0x23ff000
                0x023ff000                __eheap_end = 0x23ff000
                0x0b000000                __dtcm_start = 0xb000000
                0x0b004000                __dtcm_top = 0xb004000
                0x0b003ff8                __irq_flags = (__dtcm_top - 0x8)
                0x0b003ffc                __irq_vector = (__dtcm_top - 0x4)
                0x0b003f00                __sp_svc = (__dtcm_top - 0x100)
                0x0b003e00                __sp_irq = (__sp_svc - 0x100)
                0x0b003d00                __sp_usr = (__sp_irq - 0x100)

.init           0x02000000      0x30c
                0x02000000                __text_start = .
 *(.init)
 .init          0x02000000      0x300 /opt/devkitPro/devkitARM/lib/gcc/arm-eabi/4.3.3/../../../../arm-eabi/lib/thumb/ds_arm9_crt0.o
                0x02000000                _start
 .init          0x02000300        0x4 /opt/devkitPro/devkitARM/lib/gcc/arm-eabi/4.3.3/thumb/crti.o
                0x02000300                _init
 .init          0x02000304        0x8 /opt/devkitPro/devkitARM/lib/gcc/arm-eabi/4.3.3/thumb/crtn.o
                0x0200030c                . = ALIGN (0x4)

.plt
 *(.plt)

.text           0x02000310     0x7728
 *(EXCLUDE_FILE(*.itcm*) .text)
 .text          0x02000310        0x0 /opt/devkitPro/devkitARM/lib/gcc/arm-eabi/4.3.3/../../../../arm-eabi/lib/thumb/ds_arm9_crt0.o
 .text          0x02000310        0x0 /opt/devkitPro/devkitARM/lib/gcc/arm-eabi/4.3.3/thumb/crti.o
 .text          0x02000310       0x70 /opt/devkitPro/devkitARM/lib/gcc/arm-eabi/4.3.3/thumb/crtbegin.o
 .text          0x02000380        0x0 soundbank.bin.o
 .text          0x02000380        0x0 ananas.o
 .text          0x02000380        0x0 background.o
 .text          0x02000380        0x0 banane.o
 .text          0x02000380        0x0 flaque.o
 .text          0x02000380        0x0 fond.o
 .text          0x02000380        0x0 gameover.o
 .text          0x02000380        0x0 lame.o
 .text          0x02000380        0x0 menu_ananas.o
 .text          0x02000380        0x0 menu_pasteque.o
 .text          0x02000380        0x0 menu_reglage.o
 .text          0x02000380        0x0 numbers.o
 .text          0x02000380        0x0 numbers_score.o
 .text          0x02000380        0x0 pomme.o
 .text          0x02000380        0x0 temps_fini.o
 .text          0x02000380        0x0 texte_ananas.o
 .text          0x02000380        0x0 texte_pasteque.o
 .text          0x02000380        0x0 texte_pause.o
 .text          0x02000380      0x294 chrono_display.o
                0x02000430                updateChronoDisp
                0x020005e8                changeColorDisp
                0x02000380                printDigit
 .text          0x02000614       0xd4 Controls.o
                0x02000614                Calcule_coord
                0x02000688                HandleInput
 .text          0x020006e8      0x8b0 Graphic.o
                0x02000910                P_Map16x16_configureBG2_Sub_Game
                0x020006e8                P_Graphics_setup_menu
                0x0200071c                P_Graphics_setup_game
                0x02000ac4                configureSprites
                0x020007d0                P_Graphics_BG_main_menu
                0x02000d64                Trouve_palette
                0x02000f64                DisplayFaute
                0x02000cf0                Redessine_fruit_cache
                0x02000dc0                Dessine_lame
                0x02000c7c                Redessine_fruit
                0x0200082c                P_Map16x16_configureBG2_Sub_Menu
                0x02000e6c                DisplayScore
 .text          0x02000f98       0x1c main.o
                0x02000f98                main
 .text          0x02000fb4      0x9fc Mode_game.o
                0x02001108                Mode_pasteque
                0x020013b0                Ajoute_fruit
                0x020014c4                Trouve_pos_lame
                0x020017f4                ISR_VBlank
                0x02001860                ISR_Keys
                0x0200164c                Gere_disparition_flaque
                0x02001260                Mise_a_jour_fruit
                0x02001760                ISR_countdown_timer
                0x020012a8                Calcule_temps_fruit
                0x02000fb4                Mode_ananas
                0x020016bc                IRQ_initialize
                0x020014f0                fruit_coup
                0x0200173c                Disable_iterup
                0x02001314                Dessent_fruit
                0x020012f0                Dessent_tout_fruit
                0x02001490                Gere_lame
 .text          0x020019b0      0x1b0 Mode_menu.o
                0x020019b0                Mode_menu
                0x02001a0c                Init_menu
                0x02001aa4                Mode_validation
                0x02001a34                Change_mode_select
                0x02001b4c                Affiche_mode
                0x02001acc                Boutton_appuie
 .text          0x02001b60       0xcc Sound.o
                0x02001c10                Audio_PlayMusic
                0x02001b94                Audio_PlaySound_Menu
                0x02001b60                Audio_Init
 .text          0x02001c2c       0xec /opt/devkitPro/libnds/lib/libnds9.a(initSystem.o)
                0x02001c2c                initSystem
 .text          0x02001d18      0x134 /opt/devkitPro/libnds/lib/libnds9.a(keys.o)
                0x02001dd8                keysSetRepeat
                0x02001dc8                keysDownRepeat
                0x02001e14                keysCurrent
                0x02001da8                keysHeld
                0x02001dfc                keysUp
                0x02001db4                keysDown
                0x02001d18                scanKeys
 .text          0x02001e4c      0x484 /opt/devkitPro/libnds/lib/libnds9.a(sprite.o)
                0x02001e4c                oamDisable
                0x02001ed4                oamClear
                0x02002100                oamRotateScale
                0x02001ea0                oamGetGfxPtr
                0x02001e7c                oamEnable
                0x02001efc                oamGfxPtrToOffset
                0x02002160                oamUpdate
                0x020021c4                oamInit
                0x02001f34                oamSet
 .text          0x020022d0      0x364 /opt/devkitPro/libnds/lib/libnds9.a(sprite_alloc.o)
                0x0200230c                oamCountFragments
                0x020022d0                resizeBuffer
                0x02002448                oamAllocReset
                0x020022ec                getAllocHeader
                0x02002434                oamFreeGfx
                0x02002480                simpleAlloc
                0x020025fc                oamAllocateGfx
                0x02002358                simpleFree
 .text          0x02002634       0xf4 /opt/devkitPro/libnds/lib/libnds9.a(system.o)
                0x020026e4                systemMsgHandler
                0x0200267c                powerOn
                0x020026cc                powerValueHandler
                0x02002634                ledBlink
                0x020026b0                systemSleep
                0x0200264c                powerOff
 .text          0x02002728       0x4c /opt/devkitPro/libnds/lib/libnds9.a(touch.o)
                0x02002728                touchRead
                0x02002750                touchReadXY
 .text          0x02002774      0x264 /opt/devkitPro/libnds/lib/libnds9.a(trig.o)
                0x0200290c                arcSinComp
                0x0200293c                asinLerp
                0x020028cc                tanLerp
                0x02002774                sinLutLookup
                0x02002880                tanLutLookup
                0x02002864                cosLerp
                0x020029bc                acosLerp
                0x020027c4                sinLerp
 .text          0x020029d8      0xa94 /opt/devkitPro/libnds/lib/libnds9.a(videoGL.o)
                0x02002b20                glTexCoord2f32
                0x02002e5c                glTexImage2D
                0x02002a94                glGenTextures
                0x02002a64                glResetTextures
                0x02003178                glRotatef32i
                0x02002e04                glTexLoadPal
                0x02002bac                glTexParameter
                0x020029d8                glGetGlobals
                0x02002c2c                getNextPaletteSlot
                0x02002c80                vramGetBank
                0x02002c1c                alignVal
                0x02002c04                glGetTexParameter
                0x02002e38                gluTexLoadPal
                0x020029e0                glMaterialf
                0x02002ad4                glBindTexture
                0x02002bdc                glGetTexturePointer
                0x02002d40                vramIsTextureBank
                0x02002b04                glColorTable
                0x02002da0                getNextTextureSlot
                0x02002fd4                glInit_C
 .text          0x0200346c     0x18b8 /opt/devkitPro/libnds/lib/libnds9.a(fifosystem.o)
                0x02004408                fifoInternalRecvPopFirst
                0x020034f4                fifoCheckValue32
                0x02003604                fifoCheckDatamsgLength
                0x02003dfc                fifoGetLostWordCount
                0x02003d6c                fifoGetBufferUsage
                0x02004acc                fifoSendValue32
                0x020049dc                fifoInternalSend
                0x02003ad4                fifoGetDatamsg
                0x020038ec                fifoGetValue32
                0x02003704                fifoGetAddress
                0x02003694                fifoCountDatamsg
                0x02003a3c                fifoForceValue32Handler
                0x0200357c                fifoCheckDatamsg
                0x020043a8                fifoInternalRecvPeek
                0x020048fc                fifoInternalAllocFreeBlock
                0x020038c4                fifoSetAddressHandler
                0x02004368                fifoInternalProtect
                0x02003cb0                fifoForceDatamsgHandler
                0x02004810                fifoInternalSendEnqueue
                0x02004a74                fifoSendDatamsg
                0x02004648                fifoInternalSendEmpty
                0x02004794                fifoInternalSendInterrupt
                0x02004b14                fifoSendAddress
                0x02004658                fifoInternalSendDeque
                0x02003e08                fifoInternalRecvInterrupt
                0x0200346c                fifoCheckAddress
                0x02004950                fifoInternalFreeCheck
                0x020044dc                fifoInternalRecvWordCount
                0x0200455c                fifoInternalRecvPushBack
                0x02004384                fifoInternalUnprotect
                0x02003854                fifoForceAddressHandler
                0x02003aac                fifoSetValue32Handler
                0x0200472c                fifoInternalBeginSend
                0x02004b50                fifoInit
                0x02003d44                fifoSetDatamsgHandler
                0x0200492c                fifoInternalFreeBlock
 .text          0x02004d24      0x1a8 /opt/devkitPro/libnds/lib/libnds9.a(interrupts.o)
                0x02004e04                irqEnable
                0x02004d28                irqSet
                0x02004e50                irqDisable
                0x02004d88                irqInit
                0x02004d24                irqDummy
                0x02004dd4                irqInitHandler
                0x02004e9c                irqClear
 .text          0x02004ecc       0x70 /opt/devkitPro/libnds/lib/libnds9.a(dcache.o)
                0x02004ecc                DC_FlushAll
                0x02004ef8                DC_FlushRange
                0x02004f20                DC_InvalidateRange
                0x02004f14                DC_InvalidateAll
 *fill*         0x02004f3c        0x4 ff
 .text          0x02004f40       0x70 /opt/devkitPro/libnds/lib/libnds9.a(biosCalls.o)
                0x02004f50                swiSleep
                0x02004f8a                swiDecompressLZSSVram
                0x02004f72                swiFastCopy
                0x02004f76                swiSqrt
                0x02004f40                swiSoftReset
                0x02004f7a                swiCRC16
                0x02004f8e                swiDecompressHuffman
                0x02004fa6                swiSetHaltCR
                0x02004f5c                swiRemainder
                0x02004f82                swiUnpackBits
                0x02004f86                swiDecompressLZSSWram
                0x02004fa2                swiDecodeDelta16
                0x02004f44                swiDelay
                0x02004f62                swiDivMod
                0x02004f96                swiDecompressRLEVram
                0x02004f92                swiDecompressRLEWram
                0x02004f9e                swiDecodeDelta8
                0x02004f58                swiDivide
                0x02004f54                swiChangeSoundBias
                0x02004f4c                swiWaitForVBlank
                0x02004f48                swiIntrWait
                0x02004f7e                swiIsDebugger
                0x02004f9a                swiWaitForIRQ
                0x02004f6e                swiCopy
 .text          0x02004fb0        0x0 /opt/devkitPro/libnds/lib/libnds9.a(interruptDispatcher.o)
 .text          0x02004fb0      0x144 /opt/devkitPro/libnds/lib/libnds9.a(video.o)
                0x02005064                vramSetBankF
                0x02004ff4                vramRestoreMainBanks
                0x0200508c                vramSetBankH
                0x0200503c                vramSetBankD
                0x02005050                vramSetBankE
                0x020050b4                setBrightness
                0x02005078                vramSetBankG
                0x02005014                vramSetBankB
                0x02005028                vramSetBankC
                0x020050a0                vramSetBankI
                0x02004fb0                vramSetMainBanks
                0x02005000                vramSetBankA
 .text          0x020050f4      0x240 /opt/devkitPro/libnds/lib/libmm9.a(mm_comms.o)
                0x020052e2                mmReverbStop
                0x02005210                mmEffectVolume
                0x02005176                mmSetModulePitch
                0x0200517e                mmSelectMode
                0x02005156                mmPause
                0x0200516e                mmSetJingleVolume
                0x0200527a                mmReverbEnable
                0x0200514c                mmStart
                0x0200517a                mmSetEffectsVolume
                0x02005232                mmEffectCancel
                0x02005166                mmJingle
                0x0200515a                mmResume
                0x02005196                mmStreamEnd
                0x02005140                mmLockChannels
                0x020050f4                mmSetupComms
                0x02005146                mmUnlockChannels
                0x02005218                mmEffectRate
                0x020051ec                mmEffect
                0x02005172                mmSetModuleTempo
                0x0200522c                mmEffectRelease
                0x02005214                mmEffectPanning
                0x0200516a                mmSetModuleVolume
                0x020052de                mmReverbStart
                0x02005282                mmReverbConfigure
                0x02005182                mmStreamBegin
                0x02005162                mmPosition
                0x0200527e                mmReverbDisable
                0x0200515e                mmStop
                0x02005238                mmEffectEx
                0x02005276                mmEffectCancelAll
                0x02005222                mmEffectScaleRate
                0x02005136                mmSendBank
 .text          0x02005334      0x108 /opt/devkitPro/libnds/lib/libmm9.a(mm_main9.o)
                0x0200536a                mmInitDefault
                0x020053f4                mmRestoreIRQ_t
                0x020053b4                mmInitDefaultMem
                0x020053d6                mmSuspendIRQ_t
                0x02005340                mmInit
                0x0200533a                mmSetEventHandler
                0x02005334                mmActive
 .text          0x0200543c      0x120 /opt/devkitPro/libnds/lib/libmm9.a(mm_memory.o)
                0x0200543c                mmLoad
                0x020054e4                mmLoadEffect
                0x0200548c                mmUnload
                0x0200551c                mmUnloadEffect
 .text          0x0200555c      0x100 /opt/devkitPro/libnds/lib/libmm9.a(mm_soundbank.o)
                0x020055a2                mmsHandleFileOp
                0x02005564                mmSoundBankInFiles
                0x0200555c                mmSoundBankInMemory
                0x02005576                mmSetCustomSoundBankHandler
 .text          0x0200565c       0x3c /opt/devkitPro/libnds/lib/libmm9.a(mm_flusher.o)
                0x0200565c                mmFlushBank
 .text          0x02005698       0xa4 /opt/devkitPro/devkitARM/lib/gcc/arm-eabi/4.3.3/thumb/libgcc.a(_divsi3.o)
                0x02005698                __aeabi_idiv
                0x02005698                __divsi3
                0x0200572c                __aeabi_idivmod
 .text          0x0200573c        0x4 /opt/devkitPro/devkitARM/lib/gcc/arm-eabi/4.3.3/thumb/libgcc.a(_dvmd_tls.o)
                0x0200573c                __aeabi_ldiv0
                0x0200573c                __div0
                0x0200573c                __aeabi_idiv0
 .text          0x02005740       0x70 /opt/devkitPro/devkitARM/lib/gcc/arm-eabi/4.3.3/thumb/libgcc.a(_muldi3.o)
                0x02005740                __aeabi_lmul
                0x02005740                __muldi3
 .text          0x020057b0       0x5c /opt/devkitPro/devkitARM/lib/gcc/arm-eabi/4.3.3/../../../../arm-eabi/lib/thumb/libg.a(lib_a-bsearch.o)
                0x020057b0                bsearch
 .text          0x0200580c       0xc0 /opt/devkitPro/devkitARM/lib/gcc/arm-eabi/4.3.3/../../../../arm-eabi/lib/thumb/libg.a(lib_a-fclose.o)
                0x0200580c                _fclose_r
                0x020058b0                fclose
 .text          0x020058cc      0x150 /opt/devkitPro/devkitARM/lib/gcc/arm-eabi/4.3.3/../../../../arm-eabi/lib/thumb/libg.a(lib_a-fflush.o)
                0x020059e8                fflush
                0x020058cc                _fflush_r
 .text          0x02005a1c      0x1f0 /opt/devkitPro/devkitARM/lib/gcc/arm-eabi/4.3.3/../../../../arm-eabi/lib/thumb/libg.a(lib_a-findfp.o)
                0x02005ae8                __sinit
                0x02005b44                __sfmoreglue
                0x02005a80                _cleanup
                0x02005a6c                _cleanup_r
                0x02005a50                __fp_lock_all
                0x02005a1c                __sfp_lock_acquire
                0x02005b78                __sfp
                0x02005a28                __sinit_lock_release
                0x02005a34                __fp_unlock_all
                0x02005a20                __sfp_lock_release
                0x02005a24                __sinit_lock_acquire
 .text          0x02005c0c       0xa4 /opt/devkitPro/devkitARM/lib/gcc/arm-eabi/4.3.3/../../../../arm-eabi/lib/thumb/libg.a(lib_a-fopen.o)
                0x02005c94                fopen
                0x02005c0c                _fopen_r
 .text          0x02005cb0      0x19c /opt/devkitPro/devkitARM/lib/gcc/arm-eabi/4.3.3/../../../../arm-eabi/lib/thumb/libg.a(lib_a-fread.o)
                0x02005e24                fread
                0x02005cb0                _fread_r
 .text          0x02005e4c      0x23c /opt/devkitPro/devkitARM/lib/gcc/arm-eabi/4.3.3/../../../../arm-eabi/lib/thumb/libg.a(lib_a-freer.o)
                0x02005ef4                _free_r
                0x02005e4c                _malloc_trim_r
 .text          0x02006088      0x30c /opt/devkitPro/devkitARM/lib/gcc/arm-eabi/4.3.3/../../../../arm-eabi/lib/thumb/libg.a(lib_a-fseek.o)
                0x0200636c                fseek
                0x02006088                _fseek_r
 .text          0x02006394       0xc8 /opt/devkitPro/devkitARM/lib/gcc/arm-eabi/4.3.3/../../../../arm-eabi/lib/thumb/libg.a(lib_a-fwalk.o)
                0x020063fc                _fwalk
                0x02006394                _fwalk_reent
 .text          0x0200645c        0x0 /opt/devkitPro/devkitARM/lib/gcc/arm-eabi/4.3.3/../../../../arm-eabi/lib/thumb/libg.a(lib_a-impure.o)
 .text          0x0200645c       0x88 /opt/devkitPro/devkitARM/lib/gcc/arm-eabi/4.3.3/../../../../arm-eabi/lib/thumb/libg.a(lib_a-init.o)
                0x0200648c                __libc_init_array
                0x0200645c                __libc_fini_array
 .text          0x020064e4       0xe8 /opt/devkitPro/devkitARM/lib/gcc/arm-eabi/4.3.3/../../../../arm-eabi/lib/thumb/libg.a(lib_a-makebuf.o)
                0x020064e4                __smakebuf_r
 .text          0x020065cc       0x30 /opt/devkitPro/devkitARM/lib/gcc/arm-eabi/4.3.3/../../../../arm-eabi/lib/thumb/libg.a(lib_a-malloc.o)
                0x020065e4                malloc
                0x020065cc                free
 .text          0x020065fc      0x510 /opt/devkitPro/devkitARM/lib/gcc/arm-eabi/4.3.3/../../../../arm-eabi/lib/thumb/libg.a(lib_a-mallocr.o)
                0x020065fc                _malloc_r
 .text          0x02006b0c       0x88 /opt/devkitPro/devkitARM/lib/gcc/arm-eabi/4.3.3/../../../../arm-eabi/lib/thumb/libg.a(lib_a-memcpy.o)
                0x02006b0c                memcpy
 .text          0x02006b94       0xb0 /opt/devkitPro/devkitARM/lib/gcc/arm-eabi/4.3.3/../../../../arm-eabi/lib/thumb/libg.a(lib_a-memset.o)
                0x02006b94                memset
 .text          0x02006c44        0x8 /opt/devkitPro/devkitARM/lib/gcc/arm-eabi/4.3.3/../../../../arm-eabi/lib/thumb/libg.a(lib_a-mlock.o)
                0x02006c48                __malloc_unlock
                0x02006c44                __malloc_lock
 *fill*         0x02006c4c        0x4 ff
 .text          0x02006c50       0x58 /opt/devkitPro/devkitARM/lib/gcc/arm-eabi/4.3.3/../../../../arm-eabi/lib/thumb/libg.a(lib_a-rand.o)
                0x02006c64                rand
                0x02006c50                srand
 .text          0x02006ca8       0x1c /opt/devkitPro/devkitARM/lib/gcc/arm-eabi/4.3.3/../../../../arm-eabi/lib/thumb/libg.a(lib_a-realloc.o)
                0x02006ca8                realloc
 .text          0x02006cc4      0x340 /opt/devkitPro/devkitARM/lib/gcc/arm-eabi/4.3.3/../../../../arm-eabi/lib/thumb/libg.a(lib_a-reallocr.o)
                0x02006cc4                _realloc_r
 .text          0x02007004      0x128 /opt/devkitPro/devkitARM/lib/gcc/arm-eabi/4.3.3/../../../../arm-eabi/lib/thumb/libg.a(lib_a-refill.o)
                0x02007004                __srefill_r
 .text          0x0200712c       0xb8 /opt/devkitPro/devkitARM/lib/gcc/arm-eabi/4.3.3/../../../../arm-eabi/lib/thumb/libg.a(lib_a-stdio.o)
                0x02007140                __sseek
                0x020071b4                __sread
                0x0200712c                __sclose
                0x02007174                __swrite
 .text          0x020071e4       0x34 /opt/devkitPro/devkitARM/lib/gcc/arm-eabi/4.3.3/../../../../arm-eabi/lib/thumb/libg.a(lib_a-time.o)
                0x020071e4                time
 .text          0x02007218       0x7c /opt/devkitPro/devkitARM/lib/gcc/arm-eabi/4.3.3/../../../../arm-eabi/lib/thumb/libg.a(lib_a-flags.o)
                0x02007218                __sflags
 .text          0x02007294       0xb0 /opt/devkitPro/devkitARM/lib/gcc/arm-eabi/4.3.3/../../../../arm-eabi/lib/thumb/libg.a(lib_a-memmove.o)
                0x02007294                memmove
 .text          0x02007344       0x54 /opt/devkitPro/devkitARM/lib/gcc/arm-eabi/4.3.3/../../../../arm-eabi/lib/thumb/libsysbase.a(close.o)
                0x02007344                _close_r
 .text          0x02007398       0x5c /opt/devkitPro/devkitARM/lib/gcc/arm-eabi/4.3.3/../../../../arm-eabi/lib/thumb/libsysbase.a(fstat.o)
                0x02007398                _fstat_r
 .text          0x020073f4        0x4 /opt/devkitPro/devkitARM/lib/gcc/arm-eabi/4.3.3/../../../../arm-eabi/lib/thumb/libsysbase.a(isatty.o)
                0x020073f4                _isatty_r
 .text          0x020073f8       0x54 /opt/devkitPro/devkitARM/lib/gcc/arm-eabi/4.3.3/../../../../arm-eabi/lib/thumb/libsysbase.a(lseek.o)
                0x020073f8                _lseek_r
 .text          0x0200744c       0x9c /opt/devkitPro/devkitARM/lib/gcc/arm-eabi/4.3.3/../../../../arm-eabi/lib/thumb/libsysbase.a(open.o)
                0x0200744c                _open_r
 .text          0x020074e8       0x54 /opt/devkitPro/devkitARM/lib/gcc/arm-eabi/4.3.3/../../../../arm-eabi/lib/thumb/libsysbase.a(read.o)
                0x020074e8                _read_r
 .text          0x0200753c       0x54 /opt/devkitPro/devkitARM/lib/gcc/arm-eabi/4.3.3/../../../../arm-eabi/lib/thumb/libsysbase.a(sbrk.o)
                0x0200753c                _sbrk_r
 .text          0x02007590       0x4c /opt/devkitPro/devkitARM/lib/gcc/arm-eabi/4.3.3/../../../../arm-eabi/lib/thumb/libsysbase.a(times.o)
                0x02007598                _gettimeofday_r
                0x02007590                _times_r
                0x020075c4                _times
 .text          0x020075dc       0x54 /opt/devkitPro/devkitARM/lib/gcc/arm-eabi/4.3.3/../../../../arm-eabi/lib/thumb/libsysbase.a(write.o)
                0x020075dc                _write_r
 .text          0x02007630        0x0 /opt/devkitPro/devkitARM/lib/gcc/arm-eabi/4.3.3/../../../../arm-eabi/lib/thumb/libsysbase.a(malloc_vars.o)
 .text          0x02007630       0x54 /opt/devkitPro/devkitARM/lib/gcc/arm-eabi/4.3.3/../../../../arm-eabi/lib/thumb/libsysbase.a(build_argv.o)
                0x02007630                build_argv
 .text          0x02007684       0x90 /opt/devkitPro/devkitARM/lib/gcc/arm-eabi/4.3.3/../../../../arm-eabi/lib/thumb/libsysbase.a(handle_manager.o)
                0x020076e4                __release_handle
                0x020076a4                __alloc_handle
                0x02007684                __get_handle
 .text          0x02007714      0x134 /opt/devkitPro/devkitARM/lib/gcc/arm-eabi/4.3.3/../../../../arm-eabi/lib/thumb/libsysbase.a(iosupport.o)
                0x02007824                RemoveDevice
                0x02007714                setDefaultDevice
                0x02007728                AddDevice
                0x02007804                GetDeviceOpTab
                0x020077a0                FindDevice
 .text          0x02007848       0x8c /opt/devkitPro/devkitARM/lib/gcc/arm-eabi/4.3.3/thumb/libgcc.a(_udivsi3.o)
                0x02007848                __udivsi3
                0x02007848                __aeabi_uidiv
                0x020078c4                __aeabi_uidivmod
 .text          0x020078d4        0xc /opt/devkitPro/devkitARM/lib/gcc/arm-eabi/4.3.3/../../../../arm-eabi/lib/thumb/libg.a(lib_a-errno.o)
                0x020078d4                __errno
 .text          0x020078e0       0x5c /opt/devkitPro/devkitARM/lib/gcc/arm-eabi/4.3.3/../../../../arm-eabi/lib/thumb/libg.a(lib_a-strcmp.o)
                0x020078e0                strcmp
 .text          0x0200793c       0x60 /opt/devkitPro/devkitARM/lib/gcc/arm-eabi/4.3.3/../../../../arm-eabi/lib/thumb/libg.a(lib_a-strlen.o)
                0x0200793c                strlen
 .text          0x0200799c       0x9c /opt/devkitPro/devkitARM/lib/gcc/arm-eabi/4.3.3/../../../../arm-eabi/lib/thumb/libg.a(lib_a-strncmp.o)
                0x0200799c                strncmp
 .text          0x02007a38        0x0 /opt/devkitPro/devkitARM/lib/gcc/arm-eabi/4.3.3/thumb/crtend.o
 .text          0x02007a38        0x0 /opt/devkitPro/devkitARM/lib/gcc/arm-eabi/4.3.3/thumb/crtn.o
 *(.text.*)
 *(.stub)
 *(.gnu.warning)
 *(.gnu.linkonce.t*)
 *(.glue_7)
 .glue_7        0x02007a38        0x0 /opt/devkitPro/devkitARM/lib/gcc/arm-eabi/4.3.3/../../../../arm-eabi/lib/thumb/ds_arm9_crt0.o
 .glue_7        0x02007a38        0x0 /opt/devkitPro/devkitARM/lib/gcc/arm-eabi/4.3.3/thumb/crti.o
 .glue_7        0x02007a38        0x0 /opt/devkitPro/devkitARM/lib/gcc/arm-eabi/4.3.3/thumb/crtbegin.o
 .glue_7        0x02007a38        0x0 soundbank.bin.o
 .glue_7        0x02007a38        0x0 ananas.o
 .glue_7        0x02007a38        0x0 background.o
 .glue_7        0x02007a38        0x0 banane.o
 .glue_7        0x02007a38        0x0 flaque.o
 .glue_7        0x02007a38        0x0 fond.o
 .glue_7        0x02007a38        0x0 gameover.o
 .glue_7        0x02007a38        0x0 lame.o
 .glue_7        0x02007a38        0x0 menu_ananas.o
 .glue_7        0x02007a38        0x0 menu_pasteque.o
 .glue_7        0x02007a38        0x0 menu_reglage.o
 .glue_7        0x02007a38        0x0 numbers.o
 .glue_7        0x02007a38        0x0 numbers_score.o
 .glue_7        0x02007a38        0x0 pomme.o
 .glue_7        0x02007a38        0x0 temps_fini.o
 .glue_7        0x02007a38        0x0 texte_ananas.o
 .glue_7        0x02007a38        0x0 texte_pasteque.o
 .glue_7        0x02007a38        0x0 texte_pause.o
 .glue_7        0x02007a38        0x0 chrono_display.o
 .glue_7        0x02007a38        0x0 Controls.o
 .glue_7        0x02007a38        0x0 Graphic.o
 .glue_7        0x02007a38        0x0 main.o
 .glue_7        0x02007a38        0x0 Mode_game.o
 .glue_7        0x02007a38        0x0 Mode_menu.o
 .glue_7        0x02007a38        0x0 Sound.o
 .glue_7        0x02007a38        0x0 /opt/devkitPro/libnds/lib/libnds9.a(initSystem.o)
 .glue_7        0x02007a38        0x0 /opt/devkitPro/libnds/lib/libnds9.a(keys.o)
 .glue_7        0x02007a38        0x0 /opt/devkitPro/libnds/lib/libnds9.a(sprite.o)
 .glue_7        0x02007a38        0x0 /opt/devkitPro/libnds/lib/libnds9.a(sprite_alloc.o)
 .glue_7        0x02007a38        0x0 /opt/devkitPro/libnds/lib/libnds9.a(system.o)
 .glue_7        0x02007a38        0x0 /opt/devkitPro/libnds/lib/libnds9.a(touch.o)
 .glue_7        0x02007a38        0x0 /opt/devkitPro/libnds/lib/libnds9.a(trig.o)
 .glue_7        0x02007a38        0x0 /opt/devkitPro/libnds/lib/libnds9.a(videoGL.o)
 .glue_7        0x02007a38        0x0 /opt/devkitPro/libnds/lib/libnds9.a(fifosystem.o)
 .glue_7        0x02007a38        0x0 /opt/devkitPro/libnds/lib/libnds9.a(interrupts.o)
 .glue_7        0x02007a38        0x0 /opt/devkitPro/libnds/lib/libnds9.a(dcache.o)
 .glue_7        0x02007a38        0x0 /opt/devkitPro/libnds/lib/libnds9.a(biosCalls.o)
 .glue_7        0x02007a38        0x0 /opt/devkitPro/libnds/lib/libnds9.a(interruptDispatcher.o)
 .glue_7        0x02007a38        0x0 /opt/devkitPro/libnds/lib/libnds9.a(video.o)
 .glue_7        0x02007a38        0x0 /opt/devkitPro/libnds/lib/libmm9.a(mm_comms.o)
 .glue_7        0x02007a38        0x0 /opt/devkitPro/libnds/lib/libmm9.a(mm_main9.o)
 .glue_7        0x02007a38        0x0 /opt/devkitPro/libnds/lib/libmm9.a(mm_memory.o)
 .glue_7        0x02007a38        0x0 /opt/devkitPro/libnds/lib/libmm9.a(mm_soundbank.o)
 .glue_7        0x02007a38        0x0 /opt/devkitPro/libnds/lib/libmm9.a(mm_flusher.o)
 .glue_7        0x02007a38        0x0 /opt/devkitPro/devkitARM/lib/gcc/arm-eabi/4.3.3/thumb/libgcc.a(_divsi3.o)
 .glue_7        0x02007a38        0x0 /opt/devkitPro/devkitARM/lib/gcc/arm-eabi/4.3.3/thumb/libgcc.a(_dvmd_tls.o)
 .glue_7        0x02007a38        0x0 /opt/devkitPro/devkitARM/lib/gcc/arm-eabi/4.3.3/thumb/libgcc.a(_muldi3.o)
 .glue_7        0x02007a38        0x0 /opt/devkitPro/devkitARM/lib/gcc/arm-eabi/4.3.3/../../../../arm-eabi/lib/thumb/libg.a(lib_a-bsearch.o)
 .glue_7        0x02007a38        0x0 /opt/devkitPro/devkitARM/lib/gcc/arm-eabi/4.3.3/../../../../arm-eabi/lib/thumb/libg.a(lib_a-fclose.o)
 .glue_7        0x02007a38        0x0 /opt/devkitPro/devkitARM/lib/gcc/arm-eabi/4.3.3/../../../../arm-eabi/lib/thumb/libg.a(lib_a-fflush.o)
 .glue_7        0x02007a38        0x0 /opt/devkitPro/devkitARM/lib/gcc/arm-eabi/4.3.3/../../../../arm-eabi/lib/thumb/libg.a(lib_a-findfp.o)
 .glue_7        0x02007a38        0x0 /opt/devkitPro/devkitARM/lib/gcc/arm-eabi/4.3.3/../../../../arm-eabi/lib/thumb/libg.a(lib_a-fopen.o)
 .glue_7        0x02007a38        0x0 /opt/devkitPro/devkitARM/lib/gcc/arm-eabi/4.3.3/../../../../arm-eabi/lib/thumb/libg.a(lib_a-fread.o)
 .glue_7        0x02007a38        0x0 /opt/devkitPro/devkitARM/lib/gcc/arm-eabi/4.3.3/../../../../arm-eabi/lib/thumb/libg.a(lib_a-freer.o)
 .glue_7        0x02007a38        0x0 /opt/devkitPro/devkitARM/lib/gcc/arm-eabi/4.3.3/../../../../arm-eabi/lib/thumb/libg.a(lib_a-fseek.o)
 .glue_7        0x02007a38        0x0 /opt/devkitPro/devkitARM/lib/gcc/arm-eabi/4.3.3/../../../../arm-eabi/lib/thumb/libg.a(lib_a-fwalk.o)
 .glue_7        0x02007a38        0x0 /opt/devkitPro/devkitARM/lib/gcc/arm-eabi/4.3.3/../../../../arm-eabi/lib/thumb/libg.a(lib_a-impure.o)
 .glue_7        0x02007a38        0x0 /opt/devkitPro/devkitARM/lib/gcc/arm-eabi/4.3.3/../../../../arm-eabi/lib/thumb/libg.a(lib_a-init.o)
 .glue_7        0x02007a38        0x0 /opt/devkitPro/devkitARM/lib/gcc/arm-eabi/4.3.3/../../../../arm-eabi/lib/thumb/libg.a(lib_a-makebuf.o)
 .glue_7        0x02007a38        0x0 /opt/devkitPro/devkitARM/lib/gcc/arm-eabi/4.3.3/../../../../arm-eabi/lib/thumb/libg.a(lib_a-malloc.o)
 .glue_7        0x02007a38        0x0 /opt/devkitPro/devkitARM/lib/gcc/arm-eabi/4.3.3/../../../../arm-eabi/lib/thumb/libg.a(lib_a-mallocr.o)
 .glue_7        0x02007a38        0x0 /opt/devkitPro/devkitARM/lib/gcc/arm-eabi/4.3.3/../../../../arm-eabi/lib/thumb/libg.a(lib_a-memcpy.o)
 .glue_7        0x02007a38        0x0 /opt/devkitPro/devkitARM/lib/gcc/arm-eabi/4.3.3/../../../../arm-eabi/lib/thumb/libg.a(lib_a-memset.o)
 .glue_7        0x02007a38        0x0 /opt/devkitPro/devkitARM/lib/gcc/arm-eabi/4.3.3/../../../../arm-eabi/lib/thumb/libg.a(lib_a-mlock.o)
 .glue_7        0x02007a38        0x0 /opt/devkitPro/devkitARM/lib/gcc/arm-eabi/4.3.3/../../../../arm-eabi/lib/thumb/libg.a(lib_a-rand.o)
 .glue_7        0x02007a38        0x0 /opt/devkitPro/devkitARM/lib/gcc/arm-eabi/4.3.3/../../../../arm-eabi/lib/thumb/libg.a(lib_a-realloc.o)
 .glue_7        0x02007a38        0x0 /opt/devkitPro/devkitARM/lib/gcc/arm-eabi/4.3.3/../../../../arm-eabi/lib/thumb/libg.a(lib_a-reallocr.o)
 .glue_7        0x02007a38        0x0 /opt/devkitPro/devkitARM/lib/gcc/arm-eabi/4.3.3/../../../../arm-eabi/lib/thumb/libg.a(lib_a-refill.o)
 .glue_7        0x02007a38        0x0 /opt/devkitPro/devkitARM/lib/gcc/arm-eabi/4.3.3/../../../../arm-eabi/lib/thumb/libg.a(lib_a-stdio.o)
 .glue_7        0x02007a38        0x0 /opt/devkitPro/devkitARM/lib/gcc/arm-eabi/4.3.3/../../../../arm-eabi/lib/thumb/libg.a(lib_a-time.o)
 .glue_7        0x02007a38        0x0 /opt/devkitPro/devkitARM/lib/gcc/arm-eabi/4.3.3/../../../../arm-eabi/lib/thumb/libg.a(lib_a-flags.o)
 .glue_7        0x02007a38        0x0 /opt/devkitPro/devkitARM/lib/gcc/arm-eabi/4.3.3/../../../../arm-eabi/lib/thumb/libg.a(lib_a-memmove.o)
 .glue_7        0x02007a38        0x0 /opt/devkitPro/devkitARM/lib/gcc/arm-eabi/4.3.3/../../../../arm-eabi/lib/thumb/libsysbase.a(close.o)
 .glue_7        0x02007a38        0x0 /opt/devkitPro/devkitARM/lib/gcc/arm-eabi/4.3.3/../../../../arm-eabi/lib/thumb/libsysbase.a(fstat.o)
 .glue_7        0x02007a38        0x0 /opt/devkitPro/devkitARM/lib/gcc/arm-eabi/4.3.3/../../../../arm-eabi/lib/thumb/libsysbase.a(isatty.o)
 .glue_7        0x02007a38        0x0 /opt/devkitPro/devkitARM/lib/gcc/arm-eabi/4.3.3/../../../../arm-eabi/lib/thumb/libsysbase.a(lseek.o)
 .glue_7        0x02007a38        0x0 /opt/devkitPro/devkitARM/lib/gcc/arm-eabi/4.3.3/../../../../arm-eabi/lib/thumb/libsysbase.a(open.o)
 .glue_7        0x02007a38        0x0 /opt/devkitPro/devkitARM/lib/gcc/arm-eabi/4.3.3/../../../../arm-eabi/lib/thumb/libsysbase.a(read.o)
 .glue_7        0x02007a38        0x0 /opt/devkitPro/devkitARM/lib/gcc/arm-eabi/4.3.3/../../../../arm-eabi/lib/thumb/libsysbase.a(sbrk.o)
 .glue_7        0x02007a38        0x0 /opt/devkitPro/devkitARM/lib/gcc/arm-eabi/4.3.3/../../../../arm-eabi/lib/thumb/libsysbase.a(times.o)
 .glue_7        0x02007a38        0x0 /opt/devkitPro/devkitARM/lib/gcc/arm-eabi/4.3.3/../../../../arm-eabi/lib/thumb/libsysbase.a(write.o)
 .glue_7        0x02007a38        0x0 /opt/devkitPro/devkitARM/lib/gcc/arm-eabi/4.3.3/../../../../arm-eabi/lib/thumb/libsysbase.a(malloc_vars.o)
 .glue_7        0x02007a38        0x0 /opt/devkitPro/devkitARM/lib/gcc/arm-eabi/4.3.3/../../../../arm-eabi/lib/thumb/libsysbase.a(build_argv.o)
 .glue_7        0x02007a38        0x0 /opt/devkitPro/devkitARM/lib/gcc/arm-eabi/4.3.3/../../../../arm-eabi/lib/thumb/libsysbase.a(handle_manager.o)
 .glue_7        0x02007a38        0x0 /opt/devkitPro/devkitARM/lib/gcc/arm-eabi/4.3.3/../../../../arm-eabi/lib/thumb/libsysbase.a(iosupport.o)
 .glue_7        0x02007a38        0x0 /opt/devkitPro/devkitARM/lib/gcc/arm-eabi/4.3.3/thumb/libgcc.a(_udivsi3.o)
 .glue_7        0x02007a38        0x0 /opt/devkitPro/devkitARM/lib/gcc/arm-eabi/4.3.3/../../../../arm-eabi/lib/thumb/libg.a(lib_a-errno.o)
 .glue_7        0x02007a38        0x0 /opt/devkitPro/devkitARM/lib/gcc/arm-eabi/4.3.3/../../../../arm-eabi/lib/thumb/libg.a(lib_a-strcmp.o)
 .glue_7        0x02007a38        0x0 /opt/devkitPro/devkitARM/lib/gcc/arm-eabi/4.3.3/../../../../arm-eabi/lib/thumb/libg.a(lib_a-strlen.o)
 .glue_7        0x02007a38        0x0 /opt/devkitPro/devkitARM/lib/gcc/arm-eabi/4.3.3/../../../../arm-eabi/lib/thumb/libg.a(lib_a-strncmp.o)
 .glue_7        0x02007a38        0x0 /opt/devkitPro/devkitARM/lib/gcc/arm-eabi/4.3.3/thumb/crtend.o
 .glue_7        0x02007a38        0x0 /opt/devkitPro/devkitARM/lib/gcc/arm-eabi/4.3.3/thumb/crtn.o
 *(.glue_7t)
 .glue_7t       0x02007a38        0x0 /opt/devkitPro/devkitARM/lib/gcc/arm-eabi/4.3.3/../../../../arm-eabi/lib/thumb/ds_arm9_crt0.o
 .glue_7t       0x02007a38        0x0 /opt/devkitPro/devkitARM/lib/gcc/arm-eabi/4.3.3/thumb/crti.o
 .glue_7t       0x02007a38        0x0 /opt/devkitPro/devkitARM/lib/gcc/arm-eabi/4.3.3/thumb/crtbegin.o
 .glue_7t       0x02007a38        0x0 soundbank.bin.o
 .glue_7t       0x02007a38        0x0 ananas.o
 .glue_7t       0x02007a38        0x0 background.o
 .glue_7t       0x02007a38        0x0 banane.o
 .glue_7t       0x02007a38        0x0 flaque.o
 .glue_7t       0x02007a38        0x0 fond.o
 .glue_7t       0x02007a38        0x0 gameover.o
 .glue_7t       0x02007a38        0x0 lame.o
 .glue_7t       0x02007a38        0x0 menu_ananas.o
 .glue_7t       0x02007a38        0x0 menu_pasteque.o
 .glue_7t       0x02007a38        0x0 menu_reglage.o
 .glue_7t       0x02007a38        0x0 numbers.o
 .glue_7t       0x02007a38        0x0 numbers_score.o
 .glue_7t       0x02007a38        0x0 pomme.o
 .glue_7t       0x02007a38        0x0 temps_fini.o
 .glue_7t       0x02007a38        0x0 texte_ananas.o
 .glue_7t       0x02007a38        0x0 texte_pasteque.o
 .glue_7t       0x02007a38        0x0 texte_pause.o
 .glue_7t       0x02007a38        0x0 chrono_display.o
 .glue_7t       0x02007a38        0x0 Controls.o
 .glue_7t       0x02007a38        0x0 Graphic.o
 .glue_7t       0x02007a38        0x0 main.o
 .glue_7t       0x02007a38        0x0 Mode_game.o
 .glue_7t       0x02007a38        0x0 Mode_menu.o
 .glue_7t       0x02007a38        0x0 Sound.o
 .glue_7t       0x02007a38        0x0 /opt/devkitPro/libnds/lib/libnds9.a(initSystem.o)
 .glue_7t       0x02007a38        0x0 /opt/devkitPro/libnds/lib/libnds9.a(keys.o)
 .glue_7t       0x02007a38        0x0 /opt/devkitPro/libnds/lib/libnds9.a(sprite.o)
 .glue_7t       0x02007a38        0x0 /opt/devkitPro/libnds/lib/libnds9.a(sprite_alloc.o)
 .glue_7t       0x02007a38        0x0 /opt/devkitPro/libnds/lib/libnds9.a(system.o)
 .glue_7t       0x02007a38        0x0 /opt/devkitPro/libnds/lib/libnds9.a(touch.o)
 .glue_7t       0x02007a38        0x0 /opt/devkitPro/libnds/lib/libnds9.a(trig.o)
 .glue_7t       0x02007a38        0x0 /opt/devkitPro/libnds/lib/libnds9.a(videoGL.o)
 .glue_7t       0x02007a38        0x0 /opt/devkitPro/libnds/lib/libnds9.a(fifosystem.o)
 .glue_7t       0x02007a38        0x0 /opt/devkitPro/libnds/lib/libnds9.a(interrupts.o)
 .glue_7t       0x02007a38        0x0 /opt/devkitPro/libnds/lib/libnds9.a(dcache.o)
 .glue_7t       0x02007a38        0x0 /opt/devkitPro/libnds/lib/libnds9.a(biosCalls.o)
 .glue_7t       0x02007a38        0x0 /opt/devkitPro/libnds/lib/libnds9.a(interruptDispatcher.o)
 .glue_7t       0x02007a38        0x0 /opt/devkitPro/libnds/lib/libnds9.a(video.o)
 .glue_7t       0x02007a38        0x0 /opt/devkitPro/libnds/lib/libmm9.a(mm_comms.o)
 .glue_7t       0x02007a38        0x0 /opt/devkitPro/libnds/lib/libmm9.a(mm_main9.o)
 .glue_7t       0x02007a38        0x0 /opt/devkitPro/libnds/lib/libmm9.a(mm_memory.o)
 .glue_7t       0x02007a38        0x0 /opt/devkitPro/libnds/lib/libmm9.a(mm_soundbank.o)
 .glue_7t       0x02007a38        0x0 /opt/devkitPro/libnds/lib/libmm9.a(mm_flusher.o)
 .glue_7t       0x02007a38        0x0 /opt/devkitPro/devkitARM/lib/gcc/arm-eabi/4.3.3/thumb/libgcc.a(_divsi3.o)
 .glue_7t       0x02007a38        0x0 /opt/devkitPro/devkitARM/lib/gcc/arm-eabi/4.3.3/thumb/libgcc.a(_dvmd_tls.o)
 .glue_7t       0x02007a38        0x0 /opt/devkitPro/devkitARM/lib/gcc/arm-eabi/4.3.3/thumb/libgcc.a(_muldi3.o)
 .glue_7t       0x02007a38        0x0 /opt/devkitPro/devkitARM/lib/gcc/arm-eabi/4.3.3/../../../../arm-eabi/lib/thumb/libg.a(lib_a-bsearch.o)
 .glue_7t       0x02007a38        0x0 /opt/devkitPro/devkitARM/lib/gcc/arm-eabi/4.3.3/../../../../arm-eabi/lib/thumb/libg.a(lib_a-fclose.o)
 .glue_7t       0x02007a38        0x0 /opt/devkitPro/devkitARM/lib/gcc/arm-eabi/4.3.3/../../../../arm-eabi/lib/thumb/libg.a(lib_a-fflush.o)
 .glue_7t       0x02007a38        0x0 /opt/devkitPro/devkitARM/lib/gcc/arm-eabi/4.3.3/../../../../arm-eabi/lib/thumb/libg.a(lib_a-findfp.o)
 .glue_7t       0x02007a38        0x0 /opt/devkitPro/devkitARM/lib/gcc/arm-eabi/4.3.3/../../../../arm-eabi/lib/thumb/libg.a(lib_a-fopen.o)
 .glue_7t       0x02007a38        0x0 /opt/devkitPro/devkitARM/lib/gcc/arm-eabi/4.3.3/../../../../arm-eabi/lib/thumb/libg.a(lib_a-fread.o)
 .glue_7t       0x02007a38        0x0 /opt/devkitPro/devkitARM/lib/gcc/arm-eabi/4.3.3/../../../../arm-eabi/lib/thumb/libg.a(lib_a-freer.o)
 .glue_7t       0x02007a38        0x0 /opt/devkitPro/devkitARM/lib/gcc/arm-eabi/4.3.3/../../../../arm-eabi/lib/thumb/libg.a(lib_a-fseek.o)
 .glue_7t       0x02007a38        0x0 /opt/devkitPro/devkitARM/lib/gcc/arm-eabi/4.3.3/../../../../arm-eabi/lib/thumb/libg.a(lib_a-fwalk.o)
 .glue_7t       0x02007a38        0x0 /opt/devkitPro/devkitARM/lib/gcc/arm-eabi/4.3.3/../../../../arm-eabi/lib/thumb/libg.a(lib_a-impure.o)
 .glue_7t       0x02007a38        0x0 /opt/devkitPro/devkitARM/lib/gcc/arm-eabi/4.3.3/../../../../arm-eabi/lib/thumb/libg.a(lib_a-init.o)
 .glue_7t       0x02007a38        0x0 /opt/devkitPro/devkitARM/lib/gcc/arm-eabi/4.3.3/../../../../arm-eabi/lib/thumb/libg.a(lib_a-makebuf.o)
 .glue_7t       0x02007a38        0x0 /opt/devkitPro/devkitARM/lib/gcc/arm-eabi/4.3.3/../../../../arm-eabi/lib/thumb/libg.a(lib_a-malloc.o)
 .glue_7t       0x02007a38        0x0 /opt/devkitPro/devkitARM/lib/gcc/arm-eabi/4.3.3/../../../../arm-eabi/lib/thumb/libg.a(lib_a-mallocr.o)
 .glue_7t       0x02007a38        0x0 /opt/devkitPro/devkitARM/lib/gcc/arm-eabi/4.3.3/../../../../arm-eabi/lib/thumb/libg.a(lib_a-memcpy.o)
 .glue_7t       0x02007a38        0x0 /opt/devkitPro/devkitARM/lib/gcc/arm-eabi/4.3.3/../../../../arm-eabi/lib/thumb/libg.a(lib_a-memset.o)
 .glue_7t       0x02007a38        0x0 /opt/devkitPro/devkitARM/lib/gcc/arm-eabi/4.3.3/../../../../arm-eabi/lib/thumb/libg.a(lib_a-mlock.o)
 .glue_7t       0x02007a38        0x0 /opt/devkitPro/devkitARM/lib/gcc/arm-eabi/4.3.3/../../../../arm-eabi/lib/thumb/libg.a(lib_a-rand.o)
 .glue_7t       0x02007a38        0x0 /opt/devkitPro/devkitARM/lib/gcc/arm-eabi/4.3.3/../../../../arm-eabi/lib/thumb/libg.a(lib_a-realloc.o)
 .glue_7t       0x02007a38        0x0 /opt/devkitPro/devkitARM/lib/gcc/arm-eabi/4.3.3/../../../../arm-eabi/lib/thumb/libg.a(lib_a-reallocr.o)
 .glue_7t       0x02007a38        0x0 /opt/devkitPro/devkitARM/lib/gcc/arm-eabi/4.3.3/../../../../arm-eabi/lib/thumb/libg.a(lib_a-refill.o)
 .glue_7t       0x02007a38        0x0 /opt/devkitPro/devkitARM/lib/gcc/arm-eabi/4.3.3/../../../../arm-eabi/lib/thumb/libg.a(lib_a-stdio.o)
 .glue_7t       0x02007a38        0x0 /opt/devkitPro/devkitARM/lib/gcc/arm-eabi/4.3.3/../../../../arm-eabi/lib/thumb/libg.a(lib_a-time.o)
 .glue_7t       0x02007a38        0x0 /opt/devkitPro/devkitARM/lib/gcc/arm-eabi/4.3.3/../../../../arm-eabi/lib/thumb/libg.a(lib_a-flags.o)
 .glue_7t       0x02007a38        0x0 /opt/devkitPro/devkitARM/lib/gcc/arm-eabi/4.3.3/../../../../arm-eabi/lib/thumb/libg.a(lib_a-memmove.o)
 .glue_7t       0x02007a38        0x0 /opt/devkitPro/devkitARM/lib/gcc/arm-eabi/4.3.3/../../../../arm-eabi/lib/thumb/libsysbase.a(close.o)
 .glue_7t       0x02007a38        0x0 /opt/devkitPro/devkitARM/lib/gcc/arm-eabi/4.3.3/../../../../arm-eabi/lib/thumb/libsysbase.a(fstat.o)
 .glue_7t       0x02007a38        0x0 /opt/devkitPro/devkitARM/lib/gcc/arm-eabi/4.3.3/../../../../arm-eabi/lib/thumb/libsysbase.a(isatty.o)
 .glue_7t       0x02007a38        0x0 /opt/devkitPro/devkitARM/lib/gcc/arm-eabi/4.3.3/../../../../arm-eabi/lib/thumb/libsysbase.a(lseek.o)
 .glue_7t       0x02007a38        0x0 /opt/devkitPro/devkitARM/lib/gcc/arm-eabi/4.3.3/../../../../arm-eabi/lib/thumb/libsysbase.a(open.o)
 .glue_7t       0x02007a38        0x0 /opt/devkitPro/devkitARM/lib/gcc/arm-eabi/4.3.3/../../../../arm-eabi/lib/thumb/libsysbase.a(read.o)
 .glue_7t       0x02007a38        0x0 /opt/devkitPro/devkitARM/lib/gcc/arm-eabi/4.3.3/../../../../arm-eabi/lib/thumb/libsysbase.a(sbrk.o)
 .glue_7t       0x02007a38        0x0 /opt/devkitPro/devkitARM/lib/gcc/arm-eabi/4.3.3/../../../../arm-eabi/lib/thumb/libsysbase.a(times.o)
 .glue_7t       0x02007a38        0x0 /opt/devkitPro/devkitARM/lib/gcc/arm-eabi/4.3.3/../../../../arm-eabi/lib/thumb/libsysbase.a(write.o)
 .glue_7t       0x02007a38        0x0 /opt/devkitPro/devkitARM/lib/gcc/arm-eabi/4.3.3/../../../../arm-eabi/lib/thumb/libsysbase.a(malloc_vars.o)
 .glue_7t       0x02007a38        0x0 /opt/devkitPro/devkitARM/lib/gcc/arm-eabi/4.3.3/../../../../arm-eabi/lib/thumb/libsysbase.a(build_argv.o)
 .glue_7t       0x02007a38        0x0 /opt/devkitPro/devkitARM/lib/gcc/arm-eabi/4.3.3/../../../../arm-eabi/lib/thumb/libsysbase.a(handle_manager.o)
 .glue_7t       0x02007a38        0x0 /opt/devkitPro/devkitARM/lib/gcc/arm-eabi/4.3.3/../../../../arm-eabi/lib/thumb/libsysbase.a(iosupport.o)
 .glue_7t       0x02007a38        0x0 /opt/devkitPro/devkitARM/lib/gcc/arm-eabi/4.3.3/thumb/libgcc.a(_udivsi3.o)
 .glue_7t       0x02007a38        0x0 /opt/devkitPro/devkitARM/lib/gcc/arm-eabi/4.3.3/../../../../arm-eabi/lib/thumb/libg.a(lib_a-errno.o)
 .glue_7t       0x02007a38        0x0 /opt/devkitPro/devkitARM/lib/gcc/arm-eabi/4.3.3/../../../../arm-eabi/lib/thumb/libg.a(lib_a-strcmp.o)
 .glue_7t       0x02007a38        0x0 /opt/devkitPro/devkitARM/lib/gcc/arm-eabi/4.3.3/../../../../arm-eabi/lib/thumb/libg.a(lib_a-strlen.o)
 .glue_7t       0x02007a38        0x0 /opt/devkitPro/devkitARM/lib/gcc/arm-eabi/4.3.3/../../../../arm-eabi/lib/thumb/libg.a(lib_a-strncmp.o)
 .glue_7t       0x02007a38        0x0 /opt/devkitPro/devkitARM/lib/gcc/arm-eabi/4.3.3/thumb/crtend.o
 .glue_7t       0x02007a38        0x0 /opt/devkitPro/devkitARM/lib/gcc/arm-eabi/4.3.3/thumb/crtn.o
                0x02007a38                . = ALIGN (0x4)

.vfp11_veneer   0x00000000        0x0
 .vfp11_veneer  0x00000000        0x0 /opt/devkitPro/devkitARM/lib/gcc/arm-eabi/4.3.3/../../../../arm-eabi/lib/thumb/ds_arm9_crt0.o
 .vfp11_veneer  0x00000000        0x0 /opt/devkitPro/devkitARM/lib/gcc/arm-eabi/4.3.3/thumb/crti.o
 .vfp11_veneer  0x00000000        0x0 /opt/devkitPro/devkitARM/lib/gcc/arm-eabi/4.3.3/thumb/crtbegin.o
 .vfp11_veneer  0x00000000        0x0 soundbank.bin.o
 .vfp11_veneer  0x00000000        0x0 ananas.o
 .vfp11_veneer  0x00000000        0x0 background.o
 .vfp11_veneer  0x00000000        0x0 banane.o
 .vfp11_veneer  0x00000000        0x0 flaque.o
 .vfp11_veneer  0x00000000        0x0 fond.o
 .vfp11_veneer  0x00000000        0x0 gameover.o
 .vfp11_veneer  0x00000000        0x0 lame.o
 .vfp11_veneer  0x00000000        0x0 menu_ananas.o
 .vfp11_veneer  0x00000000        0x0 menu_pasteque.o
 .vfp11_veneer  0x00000000        0x0 menu_reglage.o
 .vfp11_veneer  0x00000000        0x0 numbers.o
 .vfp11_veneer  0x00000000        0x0 numbers_score.o
 .vfp11_veneer  0x00000000        0x0 pomme.o
 .vfp11_veneer  0x00000000        0x0 temps_fini.o
 .vfp11_veneer  0x00000000        0x0 texte_ananas.o
 .vfp11_veneer  0x00000000        0x0 texte_pasteque.o
 .vfp11_veneer  0x00000000        0x0 texte_pause.o
 .vfp11_veneer  0x00000000        0x0 chrono_display.o
 .vfp11_veneer  0x00000000        0x0 Controls.o
 .vfp11_veneer  0x00000000        0x0 Graphic.o
 .vfp11_veneer  0x00000000        0x0 main.o
 .vfp11_veneer  0x00000000        0x0 Mode_game.o
 .vfp11_veneer  0x00000000        0x0 Mode_menu.o
 .vfp11_veneer  0x00000000        0x0 Sound.o
 .vfp11_veneer  0x00000000        0x0 /opt/devkitPro/libnds/lib/libnds9.a(initSystem.o)
 .vfp11_veneer  0x00000000        0x0 /opt/devkitPro/libnds/lib/libnds9.a(keys.o)
 .vfp11_veneer  0x00000000        0x0 /opt/devkitPro/libnds/lib/libnds9.a(sprite.o)
 .vfp11_veneer  0x00000000        0x0 /opt/devkitPro/libnds/lib/libnds9.a(sprite_alloc.o)
 .vfp11_veneer  0x00000000        0x0 /opt/devkitPro/libnds/lib/libnds9.a(system.o)
 .vfp11_veneer  0x00000000        0x0 /opt/devkitPro/libnds/lib/libnds9.a(touch.o)
 .vfp11_veneer  0x00000000        0x0 /opt/devkitPro/libnds/lib/libnds9.a(trig.o)
 .vfp11_veneer  0x00000000        0x0 /opt/devkitPro/libnds/lib/libnds9.a(videoGL.o)
 .vfp11_veneer  0x00000000        0x0 /opt/devkitPro/libnds/lib/libnds9.a(fifosystem.o)
 .vfp11_veneer  0x00000000        0x0 /opt/devkitPro/libnds/lib/libnds9.a(interrupts.o)
 .vfp11_veneer  0x00000000        0x0 /opt/devkitPro/libnds/lib/libnds9.a(dcache.o)
 .vfp11_veneer  0x00000000        0x0 /opt/devkitPro/libnds/lib/libnds9.a(biosCalls.o)
 .vfp11_veneer  0x00000000        0x0 /opt/devkitPro/libnds/lib/libnds9.a(interruptDispatcher.o)
 .vfp11_veneer  0x00000000        0x0 /opt/devkitPro/libnds/lib/libnds9.a(video.o)
 .vfp11_veneer  0x00000000        0x0 /opt/devkitPro/libnds/lib/libmm9.a(mm_comms.o)
 .vfp11_veneer  0x00000000        0x0 /opt/devkitPro/libnds/lib/libmm9.a(mm_main9.o)
 .vfp11_veneer  0x00000000        0x0 /opt/devkitPro/libnds/lib/libmm9.a(mm_memory.o)
 .vfp11_veneer  0x00000000        0x0 /opt/devkitPro/libnds/lib/libmm9.a(mm_soundbank.o)
 .vfp11_veneer  0x00000000        0x0 /opt/devkitPro/libnds/lib/libmm9.a(mm_flusher.o)
 .vfp11_veneer  0x00000000        0x0 /opt/devkitPro/devkitARM/lib/gcc/arm-eabi/4.3.3/thumb/libgcc.a(_divsi3.o)
 .vfp11_veneer  0x00000000        0x0 /opt/devkitPro/devkitARM/lib/gcc/arm-eabi/4.3.3/thumb/libgcc.a(_dvmd_tls.o)
 .vfp11_veneer  0x00000000        0x0 /opt/devkitPro/devkitARM/lib/gcc/arm-eabi/4.3.3/thumb/libgcc.a(_muldi3.o)
 .vfp11_veneer  0x00000000        0x0 /opt/devkitPro/devkitARM/lib/gcc/arm-eabi/4.3.3/../../../../arm-eabi/lib/thumb/libg.a(lib_a-bsearch.o)
 .vfp11_veneer  0x00000000        0x0 /opt/devkitPro/devkitARM/lib/gcc/arm-eabi/4.3.3/../../../../arm-eabi/lib/thumb/libg.a(lib_a-fclose.o)
 .vfp11_veneer  0x00000000        0x0 /opt/devkitPro/devkitARM/lib/gcc/arm-eabi/4.3.3/../../../../arm-eabi/lib/thumb/libg.a(lib_a-fflush.o)
 .vfp11_veneer  0x00000000        0x0 /opt/devkitPro/devkitARM/lib/gcc/arm-eabi/4.3.3/../../../../arm-eabi/lib/thumb/libg.a(lib_a-findfp.o)
 .vfp11_veneer  0x00000000        0x0 /opt/devkitPro/devkitARM/lib/gcc/arm-eabi/4.3.3/../../../../arm-eabi/lib/thumb/libg.a(lib_a-fopen.o)
 .vfp11_veneer  0x00000000        0x0 /opt/devkitPro/devkitARM/lib/gcc/arm-eabi/4.3.3/../../../../arm-eabi/lib/thumb/libg.a(lib_a-fread.o)
 .vfp11_veneer  0x00000000        0x0 /opt/devkitPro/devkitARM/lib/gcc/arm-eabi/4.3.3/../../../../arm-eabi/lib/thumb/libg.a(lib_a-freer.o)
 .vfp11_veneer  0x00000000        0x0 /opt/devkitPro/devkitARM/lib/gcc/arm-eabi/4.3.3/../../../../arm-eabi/lib/thumb/libg.a(lib_a-fseek.o)
 .vfp11_veneer  0x00000000        0x0 /opt/devkitPro/devkitARM/lib/gcc/arm-eabi/4.3.3/../../../../arm-eabi/lib/thumb/libg.a(lib_a-fwalk.o)
 .vfp11_veneer  0x00000000        0x0 /opt/devkitPro/devkitARM/lib/gcc/arm-eabi/4.3.3/../../../../arm-eabi/lib/thumb/libg.a(lib_a-impure.o)
 .vfp11_veneer  0x00000000        0x0 /opt/devkitPro/devkitARM/lib/gcc/arm-eabi/4.3.3/../../../../arm-eabi/lib/thumb/libg.a(lib_a-init.o)
 .vfp11_veneer  0x00000000        0x0 /opt/devkitPro/devkitARM/lib/gcc/arm-eabi/4.3.3/../../../../arm-eabi/lib/thumb/libg.a(lib_a-makebuf.o)
 .vfp11_veneer  0x00000000        0x0 /opt/devkitPro/devkitARM/lib/gcc/arm-eabi/4.3.3/../../../../arm-eabi/lib/thumb/libg.a(lib_a-malloc.o)
 .vfp11_veneer  0x00000000        0x0 /opt/devkitPro/devkitARM/lib/gcc/arm-eabi/4.3.3/../../../../arm-eabi/lib/thumb/libg.a(lib_a-mallocr.o)
 .vfp11_veneer  0x00000000        0x0 /opt/devkitPro/devkitARM/lib/gcc/arm-eabi/4.3.3/../../../../arm-eabi/lib/thumb/libg.a(lib_a-memcpy.o)
 .vfp11_veneer  0x00000000        0x0 /opt/devkitPro/devkitARM/lib/gcc/arm-eabi/4.3.3/../../../../arm-eabi/lib/thumb/libg.a(lib_a-memset.o)
 .vfp11_veneer  0x00000000        0x0 /opt/devkitPro/devkitARM/lib/gcc/arm-eabi/4.3.3/../../../../arm-eabi/lib/thumb/libg.a(lib_a-mlock.o)
 .vfp11_veneer  0x00000000        0x0 /opt/devkitPro/devkitARM/lib/gcc/arm-eabi/4.3.3/../../../../arm-eabi/lib/thumb/libg.a(lib_a-rand.o)
 .vfp11_veneer  0x00000000        0x0 /opt/devkitPro/devkitARM/lib/gcc/arm-eabi/4.3.3/../../../../arm-eabi/lib/thumb/libg.a(lib_a-realloc.o)
 .vfp11_veneer  0x00000000        0x0 /opt/devkitPro/devkitARM/lib/gcc/arm-eabi/4.3.3/../../../../arm-eabi/lib/thumb/libg.a(lib_a-reallocr.o)
 .vfp11_veneer  0x00000000        0x0 /opt/devkitPro/devkitARM/lib/gcc/arm-eabi/4.3.3/../../../../arm-eabi/lib/thumb/libg.a(lib_a-refill.o)
 .vfp11_veneer  0x00000000        0x0 /opt/devkitPro/devkitARM/lib/gcc/arm-eabi/4.3.3/../../../../arm-eabi/lib/thumb/libg.a(lib_a-stdio.o)
 .vfp11_veneer  0x00000000        0x0 /opt/devkitPro/devkitARM/lib/gcc/arm-eabi/4.3.3/../../../../arm-eabi/lib/thumb/libg.a(lib_a-time.o)
 .vfp11_veneer  0x00000000        0x0 /opt/devkitPro/devkitARM/lib/gcc/arm-eabi/4.3.3/../../../../arm-eabi/lib/thumb/libg.a(lib_a-flags.o)
 .vfp11_veneer  0x00000000        0x0 /opt/devkitPro/devkitARM/lib/gcc/arm-eabi/4.3.3/../../../../arm-eabi/lib/thumb/libg.a(lib_a-memmove.o)
 .vfp11_veneer  0x00000000        0x0 /opt/devkitPro/devkitARM/lib/gcc/arm-eabi/4.3.3/../../../../arm-eabi/lib/thumb/libsysbase.a(close.o)
 .vfp11_veneer  0x00000000        0x0 /opt/devkitPro/devkitARM/lib/gcc/arm-eabi/4.3.3/../../../../arm-eabi/lib/thumb/libsysbase.a(fstat.o)
 .vfp11_veneer  0x00000000        0x0 /opt/devkitPro/devkitARM/lib/gcc/arm-eabi/4.3.3/../../../../arm-eabi/lib/thumb/libsysbase.a(isatty.o)
 .vfp11_veneer  0x00000000        0x0 /opt/devkitPro/devkitARM/lib/gcc/arm-eabi/4.3.3/../../../../arm-eabi/lib/thumb/libsysbase.a(lseek.o)
 .vfp11_veneer  0x00000000        0x0 /opt/devkitPro/devkitARM/lib/gcc/arm-eabi/4.3.3/../../../../arm-eabi/lib/thumb/libsysbase.a(open.o)
 .vfp11_veneer  0x00000000        0x0 /opt/devkitPro/devkitARM/lib/gcc/arm-eabi/4.3.3/../../../../arm-eabi/lib/thumb/libsysbase.a(read.o)
 .vfp11_veneer  0x00000000        0x0 /opt/devkitPro/devkitARM/lib/gcc/arm-eabi/4.3.3/../../../../arm-eabi/lib/thumb/libsysbase.a(sbrk.o)
 .vfp11_veneer  0x00000000        0x0 /opt/devkitPro/devkitARM/lib/gcc/arm-eabi/4.3.3/../../../../arm-eabi/lib/thumb/libsysbase.a(times.o)
 .vfp11_veneer  0x00000000        0x0 /opt/devkitPro/devkitARM/lib/gcc/arm-eabi/4.3.3/../../../../arm-eabi/lib/thumb/libsysbase.a(write.o)
 .vfp11_veneer  0x00000000        0x0 /opt/devkitPro/devkitARM/lib/gcc/arm-eabi/4.3.3/../../../../arm-eabi/lib/thumb/libsysbase.a(malloc_vars.o)
 .vfp11_veneer  0x00000000        0x0 /opt/devkitPro/devkitARM/lib/gcc/arm-eabi/4.3.3/../../../../arm-eabi/lib/thumb/libsysbase.a(build_argv.o)
 .vfp11_veneer  0x00000000        0x0 /opt/devkitPro/devkitARM/lib/gcc/arm-eabi/4.3.3/../../../../arm-eabi/lib/thumb/libsysbase.a(handle_manager.o)
 .vfp11_veneer  0x00000000        0x0 /opt/devkitPro/devkitARM/lib/gcc/arm-eabi/4.3.3/../../../../arm-eabi/lib/thumb/libsysbase.a(iosupport.o)
 .vfp11_veneer  0x00000000        0x0 /opt/devkitPro/devkitARM/lib/gcc/arm-eabi/4.3.3/thumb/libgcc.a(_udivsi3.o)
 .vfp11_veneer  0x00000000        0x0 /opt/devkitPro/devkitARM/lib/gcc/arm-eabi/4.3.3/../../../../arm-eabi/lib/thumb/libg.a(lib_a-errno.o)
 .vfp11_veneer  0x00000000        0x0 /opt/devkitPro/devkitARM/lib/gcc/arm-eabi/4.3.3/../../../../arm-eabi/lib/thumb/libg.a(lib_a-strcmp.o)
 .vfp11_veneer  0x00000000        0x0 /opt/devkitPro/devkitARM/lib/gcc/arm-eabi/4.3.3/../../../../arm-eabi/lib/thumb/libg.a(lib_a-strlen.o)
 .vfp11_veneer  0x00000000        0x0 /opt/devkitPro/devkitARM/lib/gcc/arm-eabi/4.3.3/../../../../arm-eabi/lib/thumb/libg.a(lib_a-strncmp.o)
 .vfp11_veneer  0x00000000        0x0 /opt/devkitPro/devkitARM/lib/gcc/arm-eabi/4.3.3/thumb/crtend.o
 .vfp11_veneer  0x00000000        0x0 /opt/devkitPro/devkitARM/lib/gcc/arm-eabi/4.3.3/thumb/crtn.o

.v4_bx          0x00000000        0x0
 .v4_bx         0x00000000        0x0 /opt/devkitPro/devkitARM/lib/gcc/arm-eabi/4.3.3/../../../../arm-eabi/lib/thumb/ds_arm9_crt0.o
 .v4_bx         0x00000000        0x0 /opt/devkitPro/devkitARM/lib/gcc/arm-eabi/4.3.3/thumb/crti.o
 .v4_bx         0x00000000        0x0 /opt/devkitPro/devkitARM/lib/gcc/arm-eabi/4.3.3/thumb/crtbegin.o
 .v4_bx         0x00000000        0x0 soundbank.bin.o
 .v4_bx         0x00000000        0x0 ananas.o
 .v4_bx         0x00000000        0x0 background.o
 .v4_bx         0x00000000        0x0 banane.o
 .v4_bx         0x00000000        0x0 flaque.o
 .v4_bx         0x00000000        0x0 fond.o
 .v4_bx         0x00000000        0x0 gameover.o
 .v4_bx         0x00000000        0x0 lame.o
 .v4_bx         0x00000000        0x0 menu_ananas.o
 .v4_bx         0x00000000        0x0 menu_pasteque.o
 .v4_bx         0x00000000        0x0 menu_reglage.o
 .v4_bx         0x00000000        0x0 numbers.o
 .v4_bx         0x00000000        0x0 numbers_score.o
 .v4_bx         0x00000000        0x0 pomme.o
 .v4_bx         0x00000000        0x0 temps_fini.o
 .v4_bx         0x00000000        0x0 texte_ananas.o
 .v4_bx         0x00000000        0x0 texte_pasteque.o
 .v4_bx         0x00000000        0x0 texte_pause.o
 .v4_bx         0x00000000        0x0 chrono_display.o
 .v4_bx         0x00000000        0x0 Controls.o
 .v4_bx         0x00000000        0x0 Graphic.o
 .v4_bx         0x00000000        0x0 main.o
 .v4_bx         0x00000000        0x0 Mode_game.o
 .v4_bx         0x00000000        0x0 Mode_menu.o
 .v4_bx         0x00000000        0x0 Sound.o
 .v4_bx         0x00000000        0x0 /opt/devkitPro/libnds/lib/libnds9.a(initSystem.o)
 .v4_bx         0x00000000        0x0 /opt/devkitPro/libnds/lib/libnds9.a(keys.o)
 .v4_bx         0x00000000        0x0 /opt/devkitPro/libnds/lib/libnds9.a(sprite.o)
 .v4_bx         0x00000000        0x0 /opt/devkitPro/libnds/lib/libnds9.a(sprite_alloc.o)
 .v4_bx         0x00000000        0x0 /opt/devkitPro/libnds/lib/libnds9.a(system.o)
 .v4_bx         0x00000000        0x0 /opt/devkitPro/libnds/lib/libnds9.a(touch.o)
 .v4_bx         0x00000000        0x0 /opt/devkitPro/libnds/lib/libnds9.a(trig.o)
 .v4_bx         0x00000000        0x0 /opt/devkitPro/libnds/lib/libnds9.a(videoGL.o)
 .v4_bx         0x00000000        0x0 /opt/devkitPro/libnds/lib/libnds9.a(fifosystem.o)
 .v4_bx         0x00000000        0x0 /opt/devkitPro/libnds/lib/libnds9.a(interrupts.o)
 .v4_bx         0x00000000        0x0 /opt/devkitPro/libnds/lib/libnds9.a(dcache.o)
 .v4_bx         0x00000000        0x0 /opt/devkitPro/libnds/lib/libnds9.a(biosCalls.o)
 .v4_bx         0x00000000        0x0 /opt/devkitPro/libnds/lib/libnds9.a(interruptDispatcher.o)
 .v4_bx         0x00000000        0x0 /opt/devkitPro/libnds/lib/libnds9.a(video.o)
 .v4_bx         0x00000000        0x0 /opt/devkitPro/libnds/lib/libmm9.a(mm_comms.o)
 .v4_bx         0x00000000        0x0 /opt/devkitPro/libnds/lib/libmm9.a(mm_main9.o)
 .v4_bx         0x00000000        0x0 /opt/devkitPro/libnds/lib/libmm9.a(mm_memory.o)
 .v4_bx         0x00000000        0x0 /opt/devkitPro/libnds/lib/libmm9.a(mm_soundbank.o)
 .v4_bx         0x00000000        0x0 /opt/devkitPro/libnds/lib/libmm9.a(mm_flusher.o)
 .v4_bx         0x00000000        0x0 /opt/devkitPro/devkitARM/lib/gcc/arm-eabi/4.3.3/thumb/libgcc.a(_divsi3.o)
 .v4_bx         0x00000000        0x0 /opt/devkitPro/devkitARM/lib/gcc/arm-eabi/4.3.3/thumb/libgcc.a(_dvmd_tls.o)
 .v4_bx         0x00000000        0x0 /opt/devkitPro/devkitARM/lib/gcc/arm-eabi/4.3.3/thumb/libgcc.a(_muldi3.o)
 .v4_bx         0x00000000        0x0 /opt/devkitPro/devkitARM/lib/gcc/arm-eabi/4.3.3/../../../../arm-eabi/lib/thumb/libg.a(lib_a-bsearch.o)
 .v4_bx         0x00000000        0x0 /opt/devkitPro/devkitARM/lib/gcc/arm-eabi/4.3.3/../../../../arm-eabi/lib/thumb/libg.a(lib_a-fclose.o)
 .v4_bx         0x00000000        0x0 /opt/devkitPro/devkitARM/lib/gcc/arm-eabi/4.3.3/../../../../arm-eabi/lib/thumb/libg.a(lib_a-fflush.o)
 .v4_bx         0x00000000        0x0 /opt/devkitPro/devkitARM/lib/gcc/arm-eabi/4.3.3/../../../../arm-eabi/lib/thumb/libg.a(lib_a-findfp.o)
 .v4_bx         0x00000000        0x0 /opt/devkitPro/devkitARM/lib/gcc/arm-eabi/4.3.3/../../../../arm-eabi/lib/thumb/libg.a(lib_a-fopen.o)
 .v4_bx         0x00000000        0x0 /opt/devkitPro/devkitARM/lib/gcc/arm-eabi/4.3.3/../../../../arm-eabi/lib/thumb/libg.a(lib_a-fread.o)
 .v4_bx         0x00000000        0x0 /opt/devkitPro/devkitARM/lib/gcc/arm-eabi/4.3.3/../../../../arm-eabi/lib/thumb/libg.a(lib_a-freer.o)
 .v4_bx         0x00000000        0x0 /opt/devkitPro/devkitARM/lib/gcc/arm-eabi/4.3.3/../../../../arm-eabi/lib/thumb/libg.a(lib_a-fseek.o)
 .v4_bx         0x00000000        0x0 /opt/devkitPro/devkitARM/lib/gcc/arm-eabi/4.3.3/../../../../arm-eabi/lib/thumb/libg.a(lib_a-fwalk.o)
 .v4_bx         0x00000000        0x0 /opt/devkitPro/devkitARM/lib/gcc/arm-eabi/4.3.3/../../../../arm-eabi/lib/thumb/libg.a(lib_a-impure.o)
 .v4_bx         0x00000000        0x0 /opt/devkitPro/devkitARM/lib/gcc/arm-eabi/4.3.3/../../../../arm-eabi/lib/thumb/libg.a(lib_a-init.o)
 .v4_bx         0x00000000        0x0 /opt/devkitPro/devkitARM/lib/gcc/arm-eabi/4.3.3/../../../../arm-eabi/lib/thumb/libg.a(lib_a-makebuf.o)
 .v4_bx         0x00000000        0x0 /opt/devkitPro/devkitARM/lib/gcc/arm-eabi/4.3.3/../../../../arm-eabi/lib/thumb/libg.a(lib_a-malloc.o)
 .v4_bx         0x00000000        0x0 /opt/devkitPro/devkitARM/lib/gcc/arm-eabi/4.3.3/../../../../arm-eabi/lib/thumb/libg.a(lib_a-mallocr.o)
 .v4_bx         0x00000000        0x0 /opt/devkitPro/devkitARM/lib/gcc/arm-eabi/4.3.3/../../../../arm-eabi/lib/thumb/libg.a(lib_a-memcpy.o)
 .v4_bx         0x00000000        0x0 /opt/devkitPro/devkitARM/lib/gcc/arm-eabi/4.3.3/../../../../arm-eabi/lib/thumb/libg.a(lib_a-memset.o)
 .v4_bx         0x00000000        0x0 /opt/devkitPro/devkitARM/lib/gcc/arm-eabi/4.3.3/../../../../arm-eabi/lib/thumb/libg.a(lib_a-mlock.o)
 .v4_bx         0x00000000        0x0 /opt/devkitPro/devkitARM/lib/gcc/arm-eabi/4.3.3/../../../../arm-eabi/lib/thumb/libg.a(lib_a-rand.o)
 .v4_bx         0x00000000        0x0 /opt/devkitPro/devkitARM/lib/gcc/arm-eabi/4.3.3/../../../../arm-eabi/lib/thumb/libg.a(lib_a-realloc.o)
 .v4_bx         0x00000000        0x0 /opt/devkitPro/devkitARM/lib/gcc/arm-eabi/4.3.3/../../../../arm-eabi/lib/thumb/libg.a(lib_a-reallocr.o)
 .v4_bx         0x00000000        0x0 /opt/devkitPro/devkitARM/lib/gcc/arm-eabi/4.3.3/../../../../arm-eabi/lib/thumb/libg.a(lib_a-refill.o)
 .v4_bx         0x00000000        0x0 /opt/devkitPro/devkitARM/lib/gcc/arm-eabi/4.3.3/../../../../arm-eabi/lib/thumb/libg.a(lib_a-stdio.o)
 .v4_bx         0x00000000        0x0 /opt/devkitPro/devkitARM/lib/gcc/arm-eabi/4.3.3/../../../../arm-eabi/lib/thumb/libg.a(lib_a-time.o)
 .v4_bx         0x00000000        0x0 /opt/devkitPro/devkitARM/lib/gcc/arm-eabi/4.3.3/../../../../arm-eabi/lib/thumb/libg.a(lib_a-flags.o)
 .v4_bx         0x00000000        0x0 /opt/devkitPro/devkitARM/lib/gcc/arm-eabi/4.3.3/../../../../arm-eabi/lib/thumb/libg.a(lib_a-memmove.o)
 .v4_bx         0x00000000        0x0 /opt/devkitPro/devkitARM/lib/gcc/arm-eabi/4.3.3/../../../../arm-eabi/lib/thumb/libsysbase.a(close.o)
 .v4_bx         0x00000000        0x0 /opt/devkitPro/devkitARM/lib/gcc/arm-eabi/4.3.3/../../../../arm-eabi/lib/thumb/libsysbase.a(fstat.o)
 .v4_bx         0x00000000        0x0 /opt/devkitPro/devkitARM/lib/gcc/arm-eabi/4.3.3/../../../../arm-eabi/lib/thumb/libsysbase.a(isatty.o)
 .v4_bx         0x00000000        0x0 /opt/devkitPro/devkitARM/lib/gcc/arm-eabi/4.3.3/../../../../arm-eabi/lib/thumb/libsysbase.a(lseek.o)
 .v4_bx         0x00000000        0x0 /opt/devkitPro/devkitARM/lib/gcc/arm-eabi/4.3.3/../../../../arm-eabi/lib/thumb/libsysbase.a(open.o)
 .v4_bx         0x00000000        0x0 /opt/devkitPro/devkitARM/lib/gcc/arm-eabi/4.3.3/../../../../arm-eabi/lib/thumb/libsysbase.a(read.o)
 .v4_bx         0x00000000        0x0 /opt/devkitPro/devkitARM/lib/gcc/arm-eabi/4.3.3/../../../../arm-eabi/lib/thumb/libsysbase.a(sbrk.o)
 .v4_bx         0x00000000        0x0 /opt/devkitPro/devkitARM/lib/gcc/arm-eabi/4.3.3/../../../../arm-eabi/lib/thumb/libsysbase.a(times.o)
 .v4_bx         0x00000000        0x0 /opt/devkitPro/devkitARM/lib/gcc/arm-eabi/4.3.3/../../../../arm-eabi/lib/thumb/libsysbase.a(write.o)
 .v4_bx         0x00000000        0x0 /opt/devkitPro/devkitARM/lib/gcc/arm-eabi/4.3.3/../../../../arm-eabi/lib/thumb/libsysbase.a(malloc_vars.o)
 .v4_bx         0x00000000        0x0 /opt/devkitPro/devkitARM/lib/gcc/arm-eabi/4.3.3/../../../../arm-eabi/lib/thumb/libsysbase.a(build_argv.o)
 .v4_bx         0x00000000        0x0 /opt/devkitPro/devkitARM/lib/gcc/arm-eabi/4.3.3/../../../../arm-eabi/lib/thumb/libsysbase.a(handle_manager.o)
 .v4_bx         0x00000000        0x0 /opt/devkitPro/devkitARM/lib/gcc/arm-eabi/4.3.3/../../../../arm-eabi/lib/thumb/libsysbase.a(iosupport.o)
 .v4_bx         0x00000000        0x0 /opt/devkitPro/devkitARM/lib/gcc/arm-eabi/4.3.3/thumb/libgcc.a(_udivsi3.o)
 .v4_bx         0x00000000        0x0 /opt/devkitPro/devkitARM/lib/gcc/arm-eabi/4.3.3/../../../../arm-eabi/lib/thumb/libg.a(lib_a-errno.o)
 .v4_bx         0x00000000        0x0 /opt/devkitPro/devkitARM/lib/gcc/arm-eabi/4.3.3/../../../../arm-eabi/lib/thumb/libg.a(lib_a-strcmp.o)
 .v4_bx         0x00000000        0x0 /opt/devkitPro/devkitARM/lib/gcc/arm-eabi/4.3.3/../../../../arm-eabi/lib/thumb/libg.a(lib_a-strlen.o)
 .v4_bx         0x00000000        0x0 /opt/devkitPro/devkitARM/lib/gcc/arm-eabi/4.3.3/../../../../arm-eabi/lib/thumb/libg.a(lib_a-strncmp.o)
 .v4_bx         0x00000000        0x0 /opt/devkitPro/devkitARM/lib/gcc/arm-eabi/4.3.3/thumb/crtend.o
 .v4_bx         0x00000000        0x0 /opt/devkitPro/devkitARM/lib/gcc/arm-eabi/4.3.3/thumb/crtn.o

.fini           0x02007a38        0xc
 *(.fini)
 .fini          0x02007a38        0x4 /opt/devkitPro/devkitARM/lib/gcc/arm-eabi/4.3.3/thumb/crti.o
                0x02007a38                _fini
 .fini          0x02007a3c        0x8 /opt/devkitPro/devkitARM/lib/gcc/arm-eabi/4.3.3/thumb/crtn.o
                0x02007a44                __text_end = .

.rodata         0x02007a44   0x10d420
 *(.rodata)
 .rodata        0x02007a44    0xa5ae8 soundbank.bin.o
                0x020ad528                soundbank_bin_end
                0x02007a44                soundbank_bin
                0x020ad528                soundbank_bin_size
 .rodata        0x020ad52c      0x220 ananas.o
                0x020ad72c                ananasPal
                0x020ad52c                ananasTiles
 .rodata        0x020ad74c     0xc800 background.o
                0x020b9d4c                backgroundPal
                0x020b974c                backgroundMap
                0x020ad74c                backgroundTiles
 .rodata        0x020b9f4c      0x220 banane.o
                0x020ba14c                bananePal
                0x020b9f4c                bananeTiles
 .rodata        0x020ba16c      0x220 flaque.o
                0x020ba36c                flaquePal
                0x020ba16c                flaqueTiles
 .rodata        0x020ba38c     0xc840 fond.o
                0x020c63cc                fondMap
                0x020c69cc                fondPal
                0x020ba38c                fondTiles
 .rodata        0x020c6bcc     0xc840 gameover.o
                0x020c6bcc                gameoverTiles
                0x020d320c                gameoverPal
                0x020d2c0c                gameoverMap
 .rodata        0x020d340c       0x40 lame.o
                0x020d342c                lamePal
                0x020d340c                lameTiles
 .rodata        0x020d344c     0xc200 menu_ananas.o
                0x020d344c                menu_ananasBitmap
                0x020df44c                menu_ananasPal
 .rodata        0x020df64c     0xc200 menu_pasteque.o
                0x020eb64c                menu_pastequePal
                0x020df64c                menu_pastequeBitmap
 .rodata        0x020eb84c     0xc200 menu_reglage.o
                0x020f784c                menu_reglagePal
                0x020eb84c                menu_reglageBitmap
 .rodata        0x020f7a4c     0x5a00 numbers.o
                0x020f7a4c                numbersTiles
                0x020fd24c                numbersPal
 .rodata        0x020fd44c      0x7ec numbers_score.o
                0x020fda38                numbers_scorePal
                0x020fda0c                numbers_scoreMap
                0x020fd44c                numbers_scoreTiles
 .rodata        0x020fdc38      0x220 pomme.o
                0x020fdc38                pommeTiles
                0x020fde38                pommePal
 .rodata        0x020fde58     0xc840 temps_fini.o
                0x02109e98                temps_finiMap
                0x0210a498                temps_finiPal
                0x020fde58                temps_finiTiles
 .rodata        0x0210a698     0x42c0 texte_ananas.o
                0x0210e158                texte_ananasMap
                0x0210a698                texte_ananasTiles
                0x0210e758                texte_ananasPal
 .rodata        0x0210e958     0x3e80 texte_pasteque.o
                0x02111fd8                texte_pastequeMap
                0x021125d8                texte_pastequePal
                0x0210e958                texte_pastequeTiles
 .rodata        0x021127d8     0x25c0 texte_pause.o
                0x02114598                texte_pauseMap
                0x021127d8                texte_pauseTiles
                0x02114b98                texte_pausePal
 .rodata        0x02114d98       0x1c Graphic.o
 .rodata        0x02114db4       0x44 /opt/devkitPro/libnds/lib/libnds9.a(videoGL.o)
 .rodata        0x02114df8        0x4 /opt/devkitPro/devkitARM/lib/gcc/arm-eabi/4.3.3/../../../../arm-eabi/lib/thumb/libg.a(lib_a-impure.o)
                0x02114df8                _global_impure_ptr
 .rodata        0x02114dfc       0x5c /opt/devkitPro/devkitARM/lib/gcc/arm-eabi/4.3.3/../../../../arm-eabi/lib/thumb/libsysbase.a(iosupport.o)
                0x02114dfc                dotab_stdnull
 *all.rodata*(*)
 *(.roda)
 *(.rodata.*)
 .rodata.str1.4
                0x02114e58        0x2 /opt/devkitPro/devkitARM/lib/gcc/arm-eabi/4.3.3/../../../../arm-eabi/lib/thumb/libg.a(lib_a-impure.o)
                                  0x4 (size before relaxing)
 *fill*         0x02114e5a        0x2 ff
 .rodata.str1.4
                0x02114e5c        0x8 /opt/devkitPro/devkitARM/lib/gcc/arm-eabi/4.3.3/../../../../arm-eabi/lib/thumb/libsysbase.a(iosupport.o)
 *(.gnu.linkonce.r*)
                0x02114e64                . = ALIGN (0x4)

.ARM.extab
 *(.ARM.extab* .gnu.linkonce.armextab.*)
                0x02114e64                __exidx_start = .

.ARM.exidx
 *(.ARM.exidx* .gnu.linkonce.armexidx.*)
                0x02114e64                __exidx_end = .
                0x02114e64                . = ALIGN (0x4)
                0x02114e64                PROVIDE (__preinit_array_start, .)

.preinit_array
 *(.preinit_array)
                0x02114e64                PROVIDE (__preinit_array_end, .)
                0x02114e64                PROVIDE (__init_array_start, .)

.init_array     0x02114e64        0x4
 *(.init_array)
 .init_array    0x02114e64        0x4 /opt/devkitPro/devkitARM/lib/gcc/arm-eabi/4.3.3/thumb/crtbegin.o
                0x02114e68                PROVIDE (__init_array_end, .)
                0x02114e68                PROVIDE (__fini_array_start, .)

.fini_array     0x02114e68        0x4
 *(.fini_array)
 .fini_array    0x02114e68        0x4 /opt/devkitPro/devkitARM/lib/gcc/arm-eabi/4.3.3/thumb/crtbegin.o
                0x02114e6c                PROVIDE (__fini_array_end, .)

.ctors          0x02114e6c        0x0
 *crtbegin.o(.ctors)
 *(EXCLUDE_FILE(*crtend.o) .ctors)
 *(SORT(.ctors.*))
 *(.ctors)
                0x02114e6c                . = ALIGN (0x4)

.dtors          0x02114e6c        0x0
 *crtbegin.o(.dtors)
 *(EXCLUDE_FILE(*crtend.o) .dtors)
 *(SORT(.dtors.*))
 *(.dtors)
                0x02114e6c                . = ALIGN (0x4)

.eh_frame       0x02114e6c        0x4
 *(.eh_frame)
 .eh_frame      0x02114e6c        0x0 /opt/devkitPro/devkitARM/lib/gcc/arm-eabi/4.3.3/thumb/crtbegin.o
 .eh_frame      0x02114e6c        0x4 /opt/devkitPro/devkitARM/lib/gcc/arm-eabi/4.3.3/thumb/crtend.o
                0x02114e70                . = ALIGN (0x4)

.gcc_except_table
                0x02114e70        0x0
 *(.gcc_except_table)
                0x02114e70                . = ALIGN (0x4)

.jcr            0x02114e70        0x4
 *(.jcr)
 .jcr           0x02114e70        0x0 /opt/devkitPro/devkitARM/lib/gcc/arm-eabi/4.3.3/thumb/crtbegin.o
 .jcr           0x02114e70        0x4 /opt/devkitPro/devkitARM/lib/gcc/arm-eabi/4.3.3/thumb/crtend.o

.got
 *(.got.plt)
 *(.got)
 *(.rel.got)

.ewram          0x02114e74        0x0
                0x02114e74                __ewram_start = ABSOLUTE (.)
 *(.ewram)
 *ewram.*(.text)
                0x02114e74                . = ALIGN (0x4)

.data           0x02114e74      0xbe0
                0x02114e74                __data_start = ABSOLUTE (.)
 *(.data)
 .data          0x02114e74        0x0 /opt/devkitPro/devkitARM/lib/gcc/arm-eabi/4.3.3/../../../../arm-eabi/lib/thumb/ds_arm9_crt0.o
 .data          0x02114e74        0x0 /opt/devkitPro/devkitARM/lib/gcc/arm-eabi/4.3.3/thumb/crti.o
 .data          0x02114e74        0x4 /opt/devkitPro/devkitARM/lib/gcc/arm-eabi/4.3.3/thumb/crtbegin.o
                0x02114e74                __dso_handle
 .data          0x02114e78        0x0 soundbank.bin.o
 .data          0x02114e78        0x0 ananas.o
 .data          0x02114e78        0x0 background.o
 .data          0x02114e78        0x0 banane.o
 .data          0x02114e78        0x0 flaque.o
 .data          0x02114e78        0x0 fond.o
 .data          0x02114e78        0x0 gameover.o
 .data          0x02114e78        0x0 lame.o
 .data          0x02114e78        0x0 menu_ananas.o
 .data          0x02114e78        0x0 menu_pasteque.o
 .data          0x02114e78        0x0 menu_reglage.o
 .data          0x02114e78        0x0 numbers.o
 .data          0x02114e78        0x0 numbers_score.o
 .data          0x02114e78        0x0 pomme.o
 .data          0x02114e78        0x0 temps_fini.o
 .data          0x02114e78        0x0 texte_ananas.o
 .data          0x02114e78        0x0 texte_pasteque.o
 .data          0x02114e78        0x0 texte_pause.o
 .data          0x02114e78        0x4 chrono_display.o
 .data          0x02114e7c        0x4 Controls.o
 .data          0x02114e80        0x4 Graphic.o
 .data          0x02114e84        0x4 main.o
 .data          0x02114e88        0x4 Mode_game.o
 .data          0x02114e8c        0x4 Mode_menu.o
 .data          0x02114e90        0x4 Sound.o
 .data          0x02114e94        0x0 /opt/devkitPro/libnds/lib/libnds9.a(initSystem.o)
 .data          0x02114e94        0x3 /opt/devkitPro/libnds/lib/libnds9.a(keys.o)
 *fill*         0x02114e97        0x1 ff
 .data          0x02114e98       0x28 /opt/devkitPro/libnds/lib/libnds9.a(sprite.o)
                0x02114eac                oamSub
                0x02114e98                oamMain
 .data          0x02114ec0        0x0 /opt/devkitPro/libnds/lib/libnds9.a(sprite_alloc.o)
 .data          0x02114ec0        0x0 /opt/devkitPro/libnds/lib/libnds9.a(system.o)
 .data          0x02114ec0        0x0 /opt/devkitPro/libnds/lib/libnds9.a(touch.o)
 .data          0x02114ec0      0x308 /opt/devkitPro/libnds/lib/libnds9.a(trig.o)
                0x02114ec0                SIN_LUT
                0x02114fc4                TAN_LUT
 .data          0x021151c8        0x4 /opt/devkitPro/libnds/lib/libnds9.a(videoGL.o)
 .data          0x021151cc        0x0 /opt/devkitPro/libnds/lib/libnds9.a(fifosystem.o)
 .data          0x021151cc        0x0 /opt/devkitPro/libnds/lib/libnds9.a(interrupts.o)
 .data          0x021151cc        0x0 /opt/devkitPro/libnds/lib/libnds9.a(dcache.o)
 .data          0x021151cc        0x0 /opt/devkitPro/libnds/lib/libnds9.a(biosCalls.o)
 .data          0x021151cc        0x0 /opt/devkitPro/libnds/lib/libnds9.a(interruptDispatcher.o)
 .data          0x021151cc        0x0 /opt/devkitPro/libnds/lib/libnds9.a(video.o)
 .data          0x021151cc        0x0 /opt/devkitPro/libnds/lib/libmm9.a(mm_comms.o)
 .data          0x021151cc        0x0 /opt/devkitPro/libnds/lib/libmm9.a(mm_main9.o)
 .data          0x021151cc        0x0 /opt/devkitPro/libnds/lib/libmm9.a(mm_memory.o)
 .data          0x021151cc        0x0 /opt/devkitPro/libnds/lib/libmm9.a(mm_soundbank.o)
 .data          0x021151cc        0x0 /opt/devkitPro/libnds/lib/libmm9.a(mm_flusher.o)
 .data          0x021151cc        0x0 /opt/devkitPro/devkitARM/lib/gcc/arm-eabi/4.3.3/thumb/libgcc.a(_divsi3.o)
 .data          0x021151cc        0x0 /opt/devkitPro/devkitARM/lib/gcc/arm-eabi/4.3.3/thumb/libgcc.a(_dvmd_tls.o)
 .data          0x021151cc        0x0 /opt/devkitPro/devkitARM/lib/gcc/arm-eabi/4.3.3/thumb/libgcc.a(_muldi3.o)
 .data          0x021151cc        0x0 /opt/devkitPro/devkitARM/lib/gcc/arm-eabi/4.3.3/../../../../arm-eabi/lib/thumb/libg.a(lib_a-bsearch.o)
 .data          0x021151cc        0x0 /opt/devkitPro/devkitARM/lib/gcc/arm-eabi/4.3.3/../../../../arm-eabi/lib/thumb/libg.a(lib_a-fclose.o)
 .data          0x021151cc        0x0 /opt/devkitPro/devkitARM/lib/gcc/arm-eabi/4.3.3/../../../../arm-eabi/lib/thumb/libg.a(lib_a-fflush.o)
 .data          0x021151cc        0x0 /opt/devkitPro/devkitARM/lib/gcc/arm-eabi/4.3.3/../../../../arm-eabi/lib/thumb/libg.a(lib_a-findfp.o)
 .data          0x021151cc        0x0 /opt/devkitPro/devkitARM/lib/gcc/arm-eabi/4.3.3/../../../../arm-eabi/lib/thumb/libg.a(lib_a-fopen.o)
 .data          0x021151cc        0x0 /opt/devkitPro/devkitARM/lib/gcc/arm-eabi/4.3.3/../../../../arm-eabi/lib/thumb/libg.a(lib_a-fread.o)
 .data          0x021151cc        0x0 /opt/devkitPro/devkitARM/lib/gcc/arm-eabi/4.3.3/../../../../arm-eabi/lib/thumb/libg.a(lib_a-freer.o)
 .data          0x021151cc        0x0 /opt/devkitPro/devkitARM/lib/gcc/arm-eabi/4.3.3/../../../../arm-eabi/lib/thumb/libg.a(lib_a-fseek.o)
 .data          0x021151cc        0x0 /opt/devkitPro/devkitARM/lib/gcc/arm-eabi/4.3.3/../../../../arm-eabi/lib/thumb/libg.a(lib_a-fwalk.o)
 *fill*         0x021151cc        0x4 ff
 .data          0x021151d0      0x430 /opt/devkitPro/devkitARM/lib/gcc/arm-eabi/4.3.3/../../../../arm-eabi/lib/thumb/libg.a(lib_a-impure.o)
                0x021151d0                _impure_ptr
 .data          0x02115600        0x0 /opt/devkitPro/devkitARM/lib/gcc/arm-eabi/4.3.3/../../../../arm-eabi/lib/thumb/libg.a(lib_a-init.o)
 .data          0x02115600        0x0 /opt/devkitPro/devkitARM/lib/gcc/arm-eabi/4.3.3/../../../../arm-eabi/lib/thumb/libg.a(lib_a-makebuf.o)
 .data          0x02115600        0x0 /opt/devkitPro/devkitARM/lib/gcc/arm-eabi/4.3.3/../../../../arm-eabi/lib/thumb/libg.a(lib_a-malloc.o)
 .data          0x02115600      0x410 /opt/devkitPro/devkitARM/lib/gcc/arm-eabi/4.3.3/../../../../arm-eabi/lib/thumb/libg.a(lib_a-mallocr.o)
                0x02115a0c                __malloc_sbrk_base
                0x02115600                __malloc_av_
                0x02115a08                __malloc_trim_threshold
 .data          0x02115a10        0x0 /opt/devkitPro/devkitARM/lib/gcc/arm-eabi/4.3.3/../../../../arm-eabi/lib/thumb/libg.a(lib_a-memcpy.o)
 .data          0x02115a10        0x0 /opt/devkitPro/devkitARM/lib/gcc/arm-eabi/4.3.3/../../../../arm-eabi/lib/thumb/libg.a(lib_a-memset.o)
 .data          0x02115a10        0x0 /opt/devkitPro/devkitARM/lib/gcc/arm-eabi/4.3.3/../../../../arm-eabi/lib/thumb/libg.a(lib_a-mlock.o)
 .data          0x02115a10        0x0 /opt/devkitPro/devkitARM/lib/gcc/arm-eabi/4.3.3/../../../../arm-eabi/lib/thumb/libg.a(lib_a-rand.o)
 .data          0x02115a10        0x0 /opt/devkitPro/devkitARM/lib/gcc/arm-eabi/4.3.3/../../../../arm-eabi/lib/thumb/libg.a(lib_a-realloc.o)
 .data          0x02115a10        0x0 /opt/devkitPro/devkitARM/lib/gcc/arm-eabi/4.3.3/../../../../arm-eabi/lib/thumb/libg.a(lib_a-reallocr.o)
 .data          0x02115a10        0x0 /opt/devkitPro/devkitARM/lib/gcc/arm-eabi/4.3.3/../../../../arm-eabi/lib/thumb/libg.a(lib_a-refill.o)
 .data          0x02115a10        0x0 /opt/devkitPro/devkitARM/lib/gcc/arm-eabi/4.3.3/../../../../arm-eabi/lib/thumb/libg.a(lib_a-stdio.o)
 .data          0x02115a10        0x0 /opt/devkitPro/devkitARM/lib/gcc/arm-eabi/4.3.3/../../../../arm-eabi/lib/thumb/libg.a(lib_a-time.o)
 .data          0x02115a10        0x0 /opt/devkitPro/devkitARM/lib/gcc/arm-eabi/4.3.3/../../../../arm-eabi/lib/thumb/libg.a(lib_a-flags.o)
 .data          0x02115a10        0x0 /opt/devkitPro/devkitARM/lib/gcc/arm-eabi/4.3.3/../../../../arm-eabi/lib/thumb/libg.a(lib_a-memmove.o)
 .data          0x02115a10        0x0 /opt/devkitPro/devkitARM/lib/gcc/arm-eabi/4.3.3/../../../../arm-eabi/lib/thumb/libsysbase.a(close.o)
 .data          0x02115a10        0x0 /opt/devkitPro/devkitARM/lib/gcc/arm-eabi/4.3.3/../../../../arm-eabi/lib/thumb/libsysbase.a(fstat.o)
 .data          0x02115a10        0x0 /opt/devkitPro/devkitARM/lib/gcc/arm-eabi/4.3.3/../../../../arm-eabi/lib/thumb/libsysbase.a(isatty.o)
 .data          0x02115a10        0x0 /opt/devkitPro/devkitARM/lib/gcc/arm-eabi/4.3.3/../../../../arm-eabi/lib/thumb/libsysbase.a(lseek.o)
 .data          0x02115a10        0x0 /opt/devkitPro/devkitARM/lib/gcc/arm-eabi/4.3.3/../../../../arm-eabi/lib/thumb/libsysbase.a(open.o)
 .data          0x02115a10        0x0 /opt/devkitPro/devkitARM/lib/gcc/arm-eabi/4.3.3/../../../../arm-eabi/lib/thumb/libsysbase.a(read.o)
 .data          0x02115a10        0x0 /opt/devkitPro/devkitARM/lib/gcc/arm-eabi/4.3.3/../../../../arm-eabi/lib/thumb/libsysbase.a(sbrk.o)
 .data          0x02115a10        0x0 /opt/devkitPro/devkitARM/lib/gcc/arm-eabi/4.3.3/../../../../arm-eabi/lib/thumb/libsysbase.a(times.o)
 .data          0x02115a10        0x0 /opt/devkitPro/devkitARM/lib/gcc/arm-eabi/4.3.3/../../../../arm-eabi/lib/thumb/libsysbase.a(write.o)
 .data          0x02115a10        0x0 /opt/devkitPro/devkitARM/lib/gcc/arm-eabi/4.3.3/../../../../arm-eabi/lib/thumb/libsysbase.a(malloc_vars.o)
 .data          0x02115a10        0x0 /opt/devkitPro/devkitARM/lib/gcc/arm-eabi/4.3.3/../../../../arm-eabi/lib/thumb/libsysbase.a(build_argv.o)
 .data          0x02115a10        0x0 /opt/devkitPro/devkitARM/lib/gcc/arm-eabi/4.3.3/../../../../arm-eabi/lib/thumb/libsysbase.a(handle_manager.o)
 .data          0x02115a10       0x44 /opt/devkitPro/devkitARM/lib/gcc/arm-eabi/4.3.3/../../../../arm-eabi/lib/thumb/libsysbase.a(iosupport.o)
                0x02115a10                devoptab_list
 .data          0x02115a54        0x0 /opt/devkitPro/devkitARM/lib/gcc/arm-eabi/4.3.3/thumb/libgcc.a(_udivsi3.o)
 .data          0x02115a54        0x0 /opt/devkitPro/devkitARM/lib/gcc/arm-eabi/4.3.3/../../../../arm-eabi/lib/thumb/libg.a(lib_a-errno.o)
 .data          0x02115a54        0x0 /opt/devkitPro/devkitARM/lib/gcc/arm-eabi/4.3.3/../../../../arm-eabi/lib/thumb/libg.a(lib_a-strcmp.o)
 .data          0x02115a54        0x0 /opt/devkitPro/devkitARM/lib/gcc/arm-eabi/4.3.3/../../../../arm-eabi/lib/thumb/libg.a(lib_a-strlen.o)
 .data          0x02115a54        0x0 /opt/devkitPro/devkitARM/lib/gcc/arm-eabi/4.3.3/../../../../arm-eabi/lib/thumb/libg.a(lib_a-strncmp.o)
 .data          0x02115a54        0x0 /opt/devkitPro/devkitARM/lib/gcc/arm-eabi/4.3.3/thumb/crtend.o
 .data          0x02115a54        0x0 /opt/devkitPro/devkitARM/lib/gcc/arm-eabi/4.3.3/thumb/crtn.o
 *(.data.*)
 *(.gnu.linkonce.d*)
                0x02115a54                . = ALIGN (0x4)
                0x02115a54                __data_end = ABSOLUTE (.)
                0x02115a54                __dtcm_lma = .
                0x02115a54                __bss_vma = .

.dtcm           0x0b000000        0x0 load address 0x02115a54
 *(.dtcm)
 *(.dtcm.*)
                0x0b000000                . = ALIGN (0x4)
                0x0b000000                __dtcm_end = ABSOLUTE (.)
                0x02115a54                __itcm_lma = (__dtcm_lma + SIZEOF (.dtcm))

.itcm           0x01000100      0x190 load address 0x02115a54
 *(.itcm)
 .itcm          0x01000100       0xc8 /opt/devkitPro/libnds/lib/libnds9.a(interrupts.o)
                0x01000100                irqTable
 .itcm          0x010001c8       0xc8 /opt/devkitPro/libnds/lib/libnds9.a(interruptDispatcher.o)
                0x010001c8                IntrMain
 *itcm.*(.text)
                0x01000290                . = ALIGN (0x4)
                0x01000290                __itcm_end = ABSOLUTE (.)
                0x02115be4                __vectors_lma = (__itcm_lma + SIZEOF (.itcm))

.vectors        0x01000000        0x0 load address 0x02115be4
 *(.vectors)
 *vectors.*(.text)
                0x01000000                . = ALIGN (0x4)
                0x01000000                __vectors_end = ABSOLUTE (.)

.sbss           0x0b000000        0x0
                0x0b000000                __sbss_start = ABSOLUTE (.)
                0x0b000000                __sbss_start__ = ABSOLUTE (.)
 *(.sbss)
                0x0b000000                . = ALIGN (0x4)
                0x0b000000                __sbss_end = ABSOLUTE (.)

.bss            0x02115a54     0x4bf0
                0x02115a54                __bss_start = ABSOLUTE (.)
                0x02115a54                __bss_start__ = ABSOLUTE (.)
 *(.dynbss)
 *(.gnu.linkonce.b*)
 *(.bss*)
 .bss           0x02115a54        0x0 /opt/devkitPro/devkitARM/lib/gcc/arm-eabi/4.3.3/../../../../arm-eabi/lib/thumb/ds_arm9_crt0.o
 .bss           0x02115a54        0x0 /opt/devkitPro/devkitARM/lib/gcc/arm-eabi/4.3.3/thumb/crti.o
 .bss           0x02115a54       0x1c /opt/devkitPro/devkitARM/lib/gcc/arm-eabi/4.3.3/thumb/crtbegin.o
 .bss           0x02115a70        0x0 soundbank.bin.o
 .bss           0x02115a70        0x0 ananas.o
 .bss           0x02115a70        0x0 background.o
 .bss           0x02115a70        0x0 banane.o
 .bss           0x02115a70        0x0 flaque.o
 .bss           0x02115a70        0x0 fond.o
 .bss           0x02115a70        0x0 gameover.o
 .bss           0x02115a70        0x0 lame.o
 .bss           0x02115a70        0x0 menu_ananas.o
 .bss           0x02115a70        0x0 menu_pasteque.o
 .bss           0x02115a70        0x0 menu_reglage.o
 .bss           0x02115a70        0x0 numbers.o
 .bss           0x02115a70        0x0 numbers_score.o
 .bss           0x02115a70        0x0 pomme.o
 .bss           0x02115a70        0x0 temps_fini.o
 .bss           0x02115a70        0x0 texte_ananas.o
 .bss           0x02115a70        0x0 texte_pasteque.o
 .bss           0x02115a70        0x0 texte_pause.o
 .bss           0x02115a70        0x0 chrono_display.o
 .bss           0x02115a70        0x0 Controls.o
 .bss           0x02115a70        0x0 Graphic.o
 .bss           0x02115a70        0x0 main.o
 .bss           0x02115a70        0x0 Mode_game.o
 .bss           0x02115a70        0x0 Mode_menu.o
 .bss           0x02115a70        0x0 Sound.o
 .bss           0x02115a70        0x0 /opt/devkitPro/libnds/lib/libnds9.a(initSystem.o)
 .bss           0x02115a70        0x6 /opt/devkitPro/libnds/lib/libnds9.a(keys.o)
 .bss           0x02115a76        0x0 /opt/devkitPro/libnds/lib/libnds9.a(sprite.o)
 .bss           0x02115a76        0x0 /opt/devkitPro/libnds/lib/libnds9.a(sprite_alloc.o)
 .bss           0x02115a76        0x0 /opt/devkitPro/libnds/lib/libnds9.a(system.o)
 .bss           0x02115a76        0x0 /opt/devkitPro/libnds/lib/libnds9.a(touch.o)
 .bss           0x02115a76        0x0 /opt/devkitPro/libnds/lib/libnds9.a(trig.o)
 *fill*         0x02115a76        0x2 00
 .bss           0x02115a78        0x8 /opt/devkitPro/libnds/lib/libnds9.a(videoGL.o)
 .bss           0x02115a80       0x14 /opt/devkitPro/libnds/lib/libnds9.a(fifosystem.o)
                0x02115a90                fifo_lost_words
                0x02115a8c                fifo_recv_status
                0x02115a80                fifo_initialized
                0x02115a88                fifo_send_status
                0x02115a84                fifo_protect_levels
 .bss           0x02115a94        0x0 /opt/devkitPro/libnds/lib/libnds9.a(interrupts.o)
 .bss           0x02115a94        0x0 /opt/devkitPro/libnds/lib/libnds9.a(dcache.o)
 .bss           0x02115a94        0x0 /opt/devkitPro/libnds/lib/libnds9.a(biosCalls.o)
 .bss           0x02115a94        0x0 /opt/devkitPro/libnds/lib/libnds9.a(interruptDispatcher.o)
 .bss           0x02115a94        0x0 /opt/devkitPro/libnds/lib/libnds9.a(video.o)
 .bss           0x02115a94       0x18 /opt/devkitPro/libnds/lib/libmm9.a(mm_comms.o)
 .bss           0x02115aac       0x1c /opt/devkitPro/libnds/lib/libmm9.a(mm_main9.o)
                0x02115ab4                mmSampleCount
                0x02115ab8                mmModuleBank
                0x02115ac0                mmCallback
                0x02115ac4                mmActiveStatus
                0x02115ab0                mmModuleCount
                0x02115abc                mmSampleBank
                0x02115ab8                mmMemoryBank
                0x02115aac                mmcbMemory
 .bss           0x02115ac8        0x0 /opt/devkitPro/libnds/lib/libmm9.a(mm_memory.o)
 .bss           0x02115ac8       0x44 /opt/devkitPro/libnds/lib/libmm9.a(mm_soundbank.o)
 .bss           0x02115b0c        0x0 /opt/devkitPro/libnds/lib/libmm9.a(mm_flusher.o)
 .bss           0x02115b0c        0x0 /opt/devkitPro/devkitARM/lib/gcc/arm-eabi/4.3.3/thumb/libgcc.a(_divsi3.o)
 .bss           0x02115b0c        0x0 /opt/devkitPro/devkitARM/lib/gcc/arm-eabi/4.3.3/thumb/libgcc.a(_dvmd_tls.o)
 .bss           0x02115b0c        0x0 /opt/devkitPro/devkitARM/lib/gcc/arm-eabi/4.3.3/thumb/libgcc.a(_muldi3.o)
 .bss           0x02115b0c        0x0 /opt/devkitPro/devkitARM/lib/gcc/arm-eabi/4.3.3/../../../../arm-eabi/lib/thumb/libg.a(lib_a-bsearch.o)
 .bss           0x02115b0c        0x0 /opt/devkitPro/devkitARM/lib/gcc/arm-eabi/4.3.3/../../../../arm-eabi/lib/thumb/libg.a(lib_a-fclose.o)
 .bss           0x02115b0c        0x0 /opt/devkitPro/devkitARM/lib/gcc/arm-eabi/4.3.3/../../../../arm-eabi/lib/thumb/libg.a(lib_a-fflush.o)
 .bss           0x02115b0c        0x0 /opt/devkitPro/devkitARM/lib/gcc/arm-eabi/4.3.3/../../../../arm-eabi/lib/thumb/libg.a(lib_a-findfp.o)
 .bss           0x02115b0c        0x0 /opt/devkitPro/devkitARM/lib/gcc/arm-eabi/4.3.3/../../../../arm-eabi/lib/thumb/libg.a(lib_a-fopen.o)
 .bss           0x02115b0c        0x0 /opt/devkitPro/devkitARM/lib/gcc/arm-eabi/4.3.3/../../../../arm-eabi/lib/thumb/libg.a(lib_a-fread.o)
 .bss           0x02115b0c        0x0 /opt/devkitPro/devkitARM/lib/gcc/arm-eabi/4.3.3/../../../../arm-eabi/lib/thumb/libg.a(lib_a-freer.o)
 .bss           0x02115b0c        0x0 /opt/devkitPro/devkitARM/lib/gcc/arm-eabi/4.3.3/../../../../arm-eabi/lib/thumb/libg.a(lib_a-fseek.o)
 .bss           0x02115b0c        0x0 /opt/devkitPro/devkitARM/lib/gcc/arm-eabi/4.3.3/../../../../arm-eabi/lib/thumb/libg.a(lib_a-fwalk.o)
 .bss           0x02115b0c        0x0 /opt/devkitPro/devkitARM/lib/gcc/arm-eabi/4.3.3/../../../../arm-eabi/lib/thumb/libg.a(lib_a-impure.o)
 .bss           0x02115b0c        0x0 /opt/devkitPro/devkitARM/lib/gcc/arm-eabi/4.3.3/../../../../arm-eabi/lib/thumb/libg.a(lib_a-init.o)
 .bss           0x02115b0c        0x0 /opt/devkitPro/devkitARM/lib/gcc/arm-eabi/4.3.3/../../../../arm-eabi/lib/thumb/libg.a(lib_a-makebuf.o)
 .bss           0x02115b0c        0x0 /opt/devkitPro/devkitARM/lib/gcc/arm-eabi/4.3.3/../../../../arm-eabi/lib/thumb/libg.a(lib_a-malloc.o)
 .bss           0x02115b0c       0x34 /opt/devkitPro/devkitARM/lib/gcc/arm-eabi/4.3.3/../../../../arm-eabi/lib/thumb/libg.a(lib_a-mallocr.o)
                0x02115b0c                __malloc_top_pad
                0x02115b10                __malloc_max_sbrked_mem
                0x02115b18                __malloc_current_mallinfo
                0x02115b14                __malloc_max_total_mem